[www.w3schools.com/sql/index.html]
[backblue.gif]
[fade.gif]
[index.html]
[www.w3schools.com/w3css/4/w3.css]
[www.google-analytics.com/analytics.js]
[www.googletagservices.com/tag/js/gpt.js]
[www.w3schools.com/sql/default.html]
[www.w3schools.com/sql/sql_quickref.html]
[www.w3schools.com/sql/sql_intro.html]
[www.w3schools.com/sql/sql_syntax.html]
[www.w3schools.com/sql/sql_select.html]
[www.w3schools.com/sql/sql_distinct.html]
[www.w3schools.com/sql/sql_where.html]
[www.w3schools.com/sql/sql_and_or.html]
[www.w3schools.com/sql/sql_orderby.html]
[www.w3schools.com/sql/sql_insert.html]
[www.w3schools.com/sql/sql_null_values.html]
[www.w3schools.com/sql/sql_update.html]
[www.w3schools.com/sql/sql_delete.html]
[www.w3schools.com/sql/sql_top.html]
[www.w3schools.com/sql/sql_min_max.html]
[www.w3schools.com/sql/sql_count_avg_sum.html]
[www.w3schools.com/sql/sql_like.html]
[www.w3schools.com/sql/sql_wildcards.html]
[www.w3schools.com/sql/sql_in.html]
[www.w3schools.com/sql/sql_between.html]
[www.w3schools.com/sql/sql_alias.html]
[www.w3schools.com/sql/sql_join.html]
[www.w3schools.com/sql/sql_join_inner.html]
[www.w3schools.com/sql/sql_join_left.html]
[www.w3schools.com/sql/sql_join_right.html]
[www.w3schools.com/sql/sql_join_full.html]
[www.w3schools.com/sql/sql_join_self.html]
[www.w3schools.com/sql/sql_union.html]
[www.w3schools.com/sql/sql_groupby.html]
[www.w3schools.com/sql/sql_having.html]
[www.w3schools.com/sql/sql_exists.html]
[www.w3schools.com/sql/sql_any_all.html]
[www.w3schools.com/sql/sql_select_into.html]
[www.w3schools.com/sql/sql_insert_into_select.html]
[www.w3schools.com/sql/sql_isnull.html]
[www.w3schools.com/sql/sql_comments.html]
[www.w3schools.com/sql/sql_create_db.html]
[www.w3schools.com/sql/sql_drop_db.html]
[www.w3schools.com/sql/sql_create_table.html]
[www.w3schools.com/sql/sql_drop_table.html]
[www.w3schools.com/sql/sql_alter.html]
[www.w3schools.com/sql/sql_constraints.html]
[www.w3schools.com/sql/sql_notnull.html]
[www.w3schools.com/sql/sql_unique.html]
[www.w3schools.com/sql/sql_primarykey.html]
[www.w3schools.com/sql/sql_foreignkey.html]
[www.w3schools.com/sql/sql_check.html]
[www.w3schools.com/sql/sql_default.html]
[www.w3schools.com/sql/sql_create_index.html]
[www.w3schools.com/sql/sql_autoincrement.html]
[www.w3schools.com/sql/sql_dates.html]
[www.w3schools.com/sql/sql_view.html]
[www.w3schools.com/sql/sql_injection.html]
[www.w3schools.com/sql/sql_hosting.html]
[www.w3schools.com/sql/sql_ref_mysql.html]
[www.w3schools.com/sql/sql_ref_sqlserver.html]
[www.w3schools.com/sql/sql_ref_msaccess.html]
[www.w3schools.com/sql/sql_ref_oracle.html]
[www.w3schools.com/sql/sql_operators.html]
[www.w3schools.com/sql/sql_datatypes.html]
[www.w3schools.com/sql/sql_quiz.html]
[www.w3schools.com/sql/trysql786e.html]
[www.w3schools.com/images/w3cert.gif]
[www.w3schools.com/images/colorpicker.gif]
[www.w3schools.com/images/w3schoolscom_gray.gif]
[www.w3schools.com/lib/w3schools_footer.js]
[translate.google.com/translate_a/element.45a0d8.delayed]
[www.w3schools.com/sql/index.html]
[www.w3schools.com/w3css/4/w3.css]
[www.w3schools.com/sql/default.html]
[www.w3schools.com/sql/sql_quickref.html]
[www.w3schools.com/sql/sql_intro.html]
[www.w3schools.com/sql/sql_syntax.html]
[www.w3schools.com/sql/trysqld73d.html]
[www.w3schools.com/sql/sql_select.html]
[www.w3schools.com/sql/trysql27c7.html]
[www.w3schools.com/sql/trysql5458.html]
[www.w3schools.com/sql/trysqlf770.html]
[www.w3schools.com/sql/trysql8921.html]
[www.w3schools.com/sql/sql_distinct.html]
[www.w3schools.com/sql/trysql03b0.html]
[www.w3schools.com/sql/trysql3a0e.html]
[www.w3schools.com/sql/sql_where.html]
[www.w3schools.com/sql/trysql78bc.html]
[www.w3schools.com/sql/trysql825f.html]
[www.w3schools.com/sql/trysql27ec.html]
[www.w3schools.com/sql/trysql0a27.html]
[www.w3schools.com/sql/trysql1f53.html]
[www.w3schools.com/sql/sql_and_or.html]
[www.w3schools.com/sql/trysql5221.html]
[www.w3schools.com/sql/trysql26ab.html]
[www.w3schools.com/sql/trysqled6e.html]
[www.w3schools.com/sql/trysqleda3.html]
[www.w3schools.com/sql/sql_orderby.html]
[www.w3schools.com/sql/trysqld73c.html]
[www.w3schools.com/sql/trysqlcc7f.html]
[www.w3schools.com/sql/sql_insert.html]
[www.w3schools.com/sql/sql_null_values.html]
[www.w3schools.com/sql/trysql120d.html]
[www.w3schools.com/sql/trysqld7a3.html]
[www.w3schools.com/sql/trysql329b.html]
[www.w3schools.com/sql/sql_update.html]
[www.w3schools.com/sql/trysql278d.html]
[www.w3schools.com/sql/sql_delete.html]
[www.w3schools.com/sql/trysqla7c9.html]
[www.w3schools.com/sql/trymysql5298.html]
[www.w3schools.com/sql/trysql5cb4.html]
[www.w3schools.com/sql/trysqld76e.html]
[www.w3schools.com/sql/trymysql2614.html]
[www.w3schools.com/sql/sql_top.html]
[www.w3schools.com/sql/trysql411b.html]
[www.w3schools.com/sql/trysqle2a2.html]
[www.w3schools.com/sql/sql_min_max.html]
[www.w3schools.com/sql/trysqle806.html]
[www.w3schools.com/sql/trysqlf8e8.html]
[www.w3schools.com/sql/trysqle7ad.html]
[www.w3schools.com/sql/sql_count_avg_sum.html]
[www.w3schools.com/sql/trysql2c3e.html]
[www.w3schools.com/sql/trysql9d73.html]
[www.w3schools.com/sql/trysqle1fb.html]
[www.w3schools.com/sql/trysqld6fe.html]
[www.w3schools.com/sql/trysql89e0.html]
[www.w3schools.com/sql/trysqlf65e.html]
[www.w3schools.com/sql/trysql1fc3.html]
[www.w3schools.com/sql/sql_like.html]
[www.w3schools.com/sql/trysql0d68.html]
[www.w3schools.com/sql/trysqlde9a.html]
[www.w3schools.com/sql/trysqlfcd8.html]
[www.w3schools.com/sql/trysql7227.html]
[www.w3schools.com/sql/trysql22f7.html]
[www.w3schools.com/sql/trysqld17a.html]
[www.w3schools.com/sql/trysql5e85.html]
[www.w3schools.com/sql/trysql7501.html]
[www.w3schools.com/sql/sql_wildcards.html]
[www.w3schools.com/sql/trysql41d1.html]
[www.w3schools.com/sql/trysql83f3.html]
[www.w3schools.com/sql/trysql20d7.html]
[www.w3schools.com/sql/sql_in.html]
[www.w3schools.com/sql/trysql16e2.html]
[www.w3schools.com/sql/trysql961d.html]
[www.w3schools.com/sql/trysqlae87.html]
[www.w3schools.com/sql/trysql702b.html]
[www.w3schools.com/sql/trysqldcb9.html]
[www.w3schools.com/sql/trysqlce54.html]
[www.w3schools.com/sql/sql_between.html]
[www.w3schools.com/sql/trysqla326.html]
[www.w3schools.com/sql/trysqlb41f.html]
[www.w3schools.com/sql/trysql4e8e.html]
[www.w3schools.com/sql/trysql2461.html]
[www.w3schools.com/sql/trysql2923.html]
[www.w3schools.com/sql/sql_alias.html]
[www.w3schools.com/sql/trysqld4a8.html]
[www.w3schools.com/sql/img_innerjoin.gif]
[www.w3schools.com/sql/img_leftjoin.gif]
[www.w3schools.com/sql/img_rightjoin.gif]
[www.w3schools.com/sql/img_fulljoin.gif]
[www.w3schools.com/sql/sql_join.html]
[www.w3schools.com/sql/trysql2d1f.html]
[www.w3schools.com/sql/trysqlb08f.html]
[www.w3schools.com/sql/sql_join_inner.html]
[www.w3schools.com/sql/trysql4e45.html]
[www.w3schools.com/sql/sql_join_left.html]
[www.w3schools.com/sql/trysql7699.html]
[www.w3schools.com/sql/sql_join_right.html]
[www.w3schools.com/sql/sql_join_full.html]
[www.w3schools.com/sql/trysql795f.html]
[www.w3schools.com/sql/sql_join_self.html]
[www.w3schools.com/sql/trysqld1d0.html]
[www.w3schools.com/sql/trysqlb50d.html]
[www.w3schools.com/sql/trysql6206.html]
[www.w3schools.com/sql/trysqlc4c7.html]
[www.w3schools.com/sql/trysql6946.html]
[www.w3schools.com/sql/sql_union.html]
[www.w3schools.com/sql/trysql2fd2.html]
[www.w3schools.com/sql/trysql8002.html]
[www.w3schools.com/sql/trysqlf3cc.html]
[www.w3schools.com/sql/sql_groupby.html]
[www.w3schools.com/sql/trysqld5a7.html]
[www.w3schools.com/sql/trysqlc151.html]
[www.w3schools.com/sql/trysqlcb84.html]
[www.w3schools.com/sql/trysqlc5c8.html]
[www.w3schools.com/sql/sql_having.html]
[www.w3schools.com/sql/trysql77ff.html]
[www.w3schools.com/sql/trysql7fc1.html]
[www.w3schools.com/sql/sql_exists.html]
[www.w3schools.com/sql/trysqlf074.html]
[www.w3schools.com/sql/trysql85b0.html]
[www.w3schools.com/sql/trysql7064.html]
[www.w3schools.com/sql/sql_any_all.html]
[www.w3schools.com/sql/sql_select_into.html]
[www.w3schools.com/sql/trysql8216.html]
[www.w3schools.com/sql/trysql34fa.html]
[www.w3schools.com/sql/trysql77f2.html]
[www.w3schools.com/sql/sql_insert_into_select.html]
[www.w3schools.com/sql/func_mysql_ifnull.html]
[www.w3schools.com/sql/func_mysql_coalesce.html]
[www.w3schools.com/sql/func_sqlserver_isnull.html]
[www.w3schools.com/sql/func_msaccess_isnull.html]
[www.w3schools.com/sql/sql_isnull.html]
[www.w3schools.com/sql/trysqlc799.html]
[www.w3schools.com/sql/trysql9808.html]
[www.w3schools.com/sql/trysqled2f.html]
[www.w3schools.com/sql/trysql1e86.html]
[www.w3schools.com/sql/trysql7af1.html]
[www.w3schools.com/sql/trysql061e.html]
[www.w3schools.com/sql/trysql3964.html]
[www.w3schools.com/sql/sql_comments.html]
[www.w3schools.com/sql/sql_create_db.html]
[www.w3schools.com/sql/sql_drop_db.html]
[www.w3schools.com/sql/trysql0fa5.html]
[www.w3schools.com/sql/sql_create_table.html]
[www.w3schools.com/sql/trysql834a.html]
[www.w3schools.com/sql/sql_drop_table.html]
[www.w3schools.com/sql/sql_alter.html]
[www.w3schools.com/sql/sql_constraints.html]
[www.w3schools.com/sql/trysqla4dd.html]
[www.w3schools.com/sql/sql_notnull.html]
[www.w3schools.com/sql/sql_unique.html]
[www.w3schools.com/sql/sql_primarykey.html]
[www.w3schools.com/sql/sql_foreignkey.html]
[www.w3schools.com/sql/sql_check.html]
[www.w3schools.com/sql/sql_default.html]
[www.w3schools.com/sql/sql_create_index.html]
[www.w3schools.com/sql/sql_autoincrement.html]
[www.w3schools.com/sql/sql_dates.html]
[www.w3schools.com/sql/sql_view.html]
[www.w3schools.com/sql/sql_injection.html]
[www.w3schools.com/sql/sql_hosting.html]
[www.w3schools.com/sql/func_mysql_ascii.html]
[www.w3schools.com/sql/func_mysql_char_length.html]
[www.w3schools.com/sql/func_mysql_character_length.html]
[www.w3schools.com/sql/func_mysql_concat.html]
[www.w3schools.com/sql/func_mysql_concat_ws.html]
[www.w3schools.com/sql/func_mysql_field.html]
[www.w3schools.com/sql/func_mysql_find_in_set.html]
[www.w3schools.com/sql/func_mysql_format.html]
[www.w3schools.com/sql/func_mysql_insert.html]
[www.w3schools.com/sql/func_mysql_instr.html]
[www.w3schools.com/sql/func_mysql_lcase.html]
[www.w3schools.com/sql/func_mysql_left.html]
[www.w3schools.com/sql/func_mysql_length.html]
[www.w3schools.com/sql/func_mysql_locate.html]
[www.w3schools.com/sql/func_mysql_lower.html]
[www.w3schools.com/sql/func_mysql_lpad.html]
[www.w3schools.com/sql/func_mysql_ltrim.html]
[www.w3schools.com/sql/func_mysql_mid.html]
[www.w3schools.com/sql/func_mysql_position.html]
[www.w3schools.com/sql/func_mysql_repeat.html]
[www.w3schools.com/sql/func_mysql_replace.html]
[www.w3schools.com/sql/func_mysql_reverse.html]
[www.w3schools.com/sql/func_mysql_right.html]
[www.w3schools.com/sql/func_mysql_rpad.html]
[www.w3schools.com/sql/func_mysql_rtrim.html]
[www.w3schools.com/sql/func_mysql_space.html]
[www.w3schools.com/sql/func_mysql_strcmp.html]
[www.w3schools.com/sql/func_mysql_substr.html]
[www.w3schools.com/sql/func_mysql_substring.html]
[www.w3schools.com/sql/func_mysql_substring_index.html]
[www.w3schools.com/sql/func_mysql_trim.html]
[www.w3schools.com/sql/func_mysql_ucase.html]
[www.w3schools.com/sql/func_mysql_upper.html]
[www.w3schools.com/sql/func_mysql_abs.html]
[www.w3schools.com/sql/func_mysql_acos.html]
[www.w3schools.com/sql/func_mysql_asin.html]
[www.w3schools.com/sql/func_mysql_atan.html]
[www.w3schools.com/sql/func_mysql_atan2.html]
[www.w3schools.com/sql/func_mysql_avg.html]
[www.w3schools.com/sql/func_mysql_ceil.html]
[www.w3schools.com/sql/func_mysql_ceiling.html]
[www.w3schools.com/sql/func_mysql_cos.html]
[www.w3schools.com/sql/func_mysql_cot.html]
[www.w3schools.com/sql/func_mysql_count.html]
[www.w3schools.com/sql/func_mysql_degrees.html]
[www.w3schools.com/sql/func_mysql_div.html]
[www.w3schools.com/sql/func_mysql_exp.html]
[www.w3schools.com/sql/func_mysql_floor.html]
[www.w3schools.com/sql/func_mysql_greatest.html]
[www.w3schools.com/sql/func_mysql_least.html]
[www.w3schools.com/sql/func_mysql_ln.html]
[www.w3schools.com/sql/func_mysql_log.html]
[www.w3schools.com/sql/func_mysql_log10.html]
[www.w3schools.com/sql/func_mysql_log2.html]
[www.w3schools.com/sql/func_mysql_max.html]
[www.w3schools.com/sql/func_mysql_min.html]
[www.w3schools.com/sql/func_mysql_mod.html]
[www.w3schools.com/sql/func_mysql_pi.html]
[www.w3schools.com/sql/func_mysql_pow.html]
[www.w3schools.com/sql/func_mysql_power.html]
[www.w3schools.com/sql/func_mysql_radians.html]
[www.w3schools.com/sql/func_mysql_rand.html]
[www.w3schools.com/sql/func_mysql_round.html]
[www.w3schools.com/sql/func_mysql_sign.html]
[www.w3schools.com/sql/func_mysql_sin.html]
[www.w3schools.com/sql/func_mysql_sqrt.html]
[www.w3schools.com/sql/func_mysql_sum.html]
[www.w3schools.com/sql/func_mysql_tan.html]
[www.w3schools.com/sql/func_mysql_truncate.html]
[www.w3schools.com/sql/func_mysql_adddate.html]
[www.w3schools.com/sql/func_mysql_addtime.html]
[www.w3schools.com/sql/func_mysql_curdate.html]
[www.w3schools.com/sql/func_mysql_current_date.html]
[www.w3schools.com/sql/func_mysql_current_time.html]
[www.w3schools.com/sql/func_mysql_current_timestamp.html]
[www.w3schools.com/sql/func_mysql_curtime.html]
[www.w3schools.com/sql/func_mysql_date.html]
[www.w3schools.com/sql/func_mysql_datediff.html]
[www.w3schools.com/sql/func_mysql_date_add.html]
[www.w3schools.com/sql/func_mysql_date_format.html]
[www.w3schools.com/sql/func_mysql_date_sub.html]
[www.w3schools.com/sql/func_mysql_day.html]
[www.w3schools.com/sql/func_mysql_dayname.html]
[www.w3schools.com/sql/func_mysql_dayofmonth.html]
[www.w3schools.com/sql/func_mysql_dayofweek.html]
[www.w3schools.com/sql/func_mysql_dayofyear.html]
[www.w3schools.com/sql/func_mysql_extract.html]
[www.w3schools.com/sql/func_mysql_from_days.html]
[www.w3schools.com/sql/func_mysql_hour.html]
[www.w3schools.com/sql/func_mysql_last_day.html]
[www.w3schools.com/sql/func_mysql_localtime.html]
[www.w3schools.com/sql/func_mysql_localtimestamp.html]
[www.w3schools.com/sql/func_mysql_makedate.html]
[www.w3schools.com/sql/func_mysql_maketime.html]
[www.w3schools.com/sql/func_mysql_microsecond.html]
[www.w3schools.com/sql/func_mysql_minute.html]
[www.w3schools.com/sql/func_mysql_month.html]
[www.w3schools.com/sql/func_mysql_monthname.html]
[www.w3schools.com/sql/func_mysql_now.html]
[www.w3schools.com/sql/func_mysql_period_add.html]
[www.w3schools.com/sql/func_mysql_period_diff.html]
[www.w3schools.com/sql/func_mysql_quarter.html]
[www.w3schools.com/sql/func_mysql_second.html]
[www.w3schools.com/sql/func_mysql_sec_to_time.html]
[www.w3schools.com/sql/func_mysql_str_to_date.html]
[www.w3schools.com/sql/func_mysql_subdate.html]
[www.w3schools.com/sql/func_mysql_subtime.html]
[www.w3schools.com/sql/func_mysql_sysdate.html]
[www.w3schools.com/sql/func_mysql_time.html]
[www.w3schools.com/sql/func_mysql_time_format.html]
[www.w3schools.com/sql/func_mysql_time_to_sec.html]
[www.w3schools.com/sql/func_mysql_timediff.html]
[www.w3schools.com/sql/func_mysql_timestamp.html]
[www.w3schools.com/sql/func_mysql_to_days.html]
[www.w3schools.com/sql/func_mysql_week.html]
[www.w3schools.com/sql/func_mysql_weekday.html]
[www.w3schools.com/sql/func_mysql_weekofyear.html]
[www.w3schools.com/sql/func_mysql_year.html]
[www.w3schools.com/sql/func_mysql_yearweek.html]
[www.w3schools.com/sql/func_mysql_bin.html]
[www.w3schools.com/sql/func_mysql_binary.html]
[www.w3schools.com/sql/func_mysql_case.html]
[www.w3schools.com/sql/func_mysql_cast.html]
[www.w3schools.com/sql/func_mysql_connection_id.html]
[www.w3schools.com/sql/func_mysql_conv.html]
[www.w3schools.com/sql/func_mysql_convert.html]
[www.w3schools.com/sql/func_mysql_current_user.html]
[www.w3schools.com/sql/func_mysql_database.html]
[www.w3schools.com/sql/func_mysql_if.html]
[www.w3schools.com/sql/func_mysql_isnull.html]
[www.w3schools.com/sql/func_mysql_last_insert_id.html]
[www.w3schools.com/sql/func_mysql_nullif.html]
[www.w3schools.com/sql/func_mysql_session_user.html]
[www.w3schools.com/sql/func_mysql_system_user.html]
[www.w3schools.com/sql/func_mysql_user.html]
[www.w3schools.com/sql/func_mysql_version.html]
[www.w3schools.com/sql/sql_ref_mysql.html]
[www.w3schools.com/sql/func_sqlserver_ascii.html]
[www.w3schools.com/sql/func_sqlserver_char.html]
[www.w3schools.com/sql/func_sqlserver_charindex.html]
[www.w3schools.com/sql/func_sqlserver_concat.html]
[www.w3schools.com/sql/func_sqlserver_concat_with_plus.html]
[www.w3schools.com/sql/func_sqlserver_datalength.html]
[www.w3schools.com/sql/func_sqlserver_left.html]
[www.w3schools.com/sql/func_sqlserver_len.html]
[www.w3schools.com/sql/func_sqlserver_lower.html]
[www.w3schools.com/sql/func_sqlserver_ltrim.html]
[www.w3schools.com/sql/func_sqlserver_nchar.html]
[www.w3schools.com/sql/func_sqlserver_patindex.html]
[www.w3schools.com/sql/func_sqlserver_replace.html]
[www.w3schools.com/sql/func_sqlserver_right.html]
[www.w3schools.com/sql/func_sqlserver_rtrim.html]
[www.w3schools.com/sql/func_sqlserver_space.html]
[www.w3schools.com/sql/func_sqlserver_str.html]
[www.w3schools.com/sql/func_sqlserver_stuff.html]
[www.w3schools.com/sql/func_sqlserver_substring.html]
[www.w3schools.com/sql/func_sqlserver_upper.html]
[www.w3schools.com/sql/func_sqlserver_abs.html]
[www.w3schools.com/sql/func_sqlserver_avg.html]
[www.w3schools.com/sql/func_sqlserver_ceiling.html]
[www.w3schools.com/sql/func_sqlserver_count.html]
[www.w3schools.com/sql/func_sqlserver_floor.html]
[www.w3schools.com/sql/func_sqlserver_max.html]
[www.w3schools.com/sql/func_sqlserver_min.html]
[www.w3schools.com/sql/func_sqlserver_rand.html]
[www.w3schools.com/sql/func_sqlserver_round.html]
[www.w3schools.com/sql/func_sqlserver_sign.html]
[www.w3schools.com/sql/func_sqlserver_sum.html]
[www.w3schools.com/sql/func_sqlserver_current_timestamp.html]
[www.w3schools.com/sql/func_sqlserver_dateadd.html]
[www.w3schools.com/sql/func_sqlserver_datediff.html]
[www.w3schools.com/sql/func_sqlserver_datename.html]
[www.w3schools.com/sql/func_sqlserver_datepart.html]
[www.w3schools.com/sql/func_sqlserver_day.html]
[www.w3schools.com/sql/func_sqlserver_getdate.html]
[www.w3schools.com/sql/func_sqlserver_getutcdate.html]
[www.w3schools.com/sql/func_sqlserver_month.html]
[www.w3schools.com/sql/func_sqlserver_year.html]
[www.w3schools.com/sql/func_sqlserver_cast.html]
[www.w3schools.com/sql/func_sqlserver_convert.html]
[www.w3schools.com/sql/func_sqlserver_coalesce.html]
[www.w3schools.com/sql/func_sqlserver_current_user.html]
[www.w3schools.com/sql/func_sqlserver_isdate.html]
[www.w3schools.com/sql/func_sqlserver_isnumeric.html]
[www.w3schools.com/sql/func_sqlserver_nullif.html]
[www.w3schools.com/sql/func_sqlserver_session_user.html]
[www.w3schools.com/sql/func_sqlserver_sessionproperty.html]
[www.w3schools.com/sql/func_sqlserver_system_user.html]
[www.w3schools.com/sql/func_sqlserver_user_name.html]
[www.w3schools.com/sql/sql_ref_sqlserver.html]
[www.w3schools.com/sql/func_msaccess_asc.html]
[www.w3schools.com/sql/func_msaccess_chr.html]
[www.w3schools.com/sql/func_msaccess_concat.html]
[www.w3schools.com/sql/func_msaccess_curdir.html]
[www.w3schools.com/sql/func_msaccess_format.html]
[www.w3schools.com/sql/func_msaccess_instr.html]
[www.w3schools.com/sql/func_msaccess_instrrev.html]
[www.w3schools.com/sql/func_msaccess_lcase.html]
[www.w3schools.com/sql/func_msaccess_left.html]
[www.w3schools.com/sql/func_msaccess_len.html]
[www.w3schools.com/sql/func_msaccess_ltrim.html]
[www.w3schools.com/sql/func_msaccess_mid.html]
[www.w3schools.com/sql/func_msaccess_replace.html]
[www.w3schools.com/sql/func_msaccess_right.html]
[www.w3schools.com/sql/func_msaccess_rtrim.html]
[www.w3schools.com/sql/func_msaccess_space.html]
[www.w3schools.com/sql/func_msaccess_split.html]
[www.w3schools.com/sql/func_msaccess_str.html]
[www.w3schools.com/sql/func_msaccess_strcomp.html]
[www.w3schools.com/sql/func_msaccess_strconv.html]
[www.w3schools.com/sql/func_msaccess_strreverse.html]
[www.w3schools.com/sql/func_msaccess_trim.html]
[www.w3schools.com/sql/func_msaccess_ucase.html]
[www.w3schools.com/sql/func_msaccess_abs.html]
[www.w3schools.com/sql/func_msaccess_atn.html]
[www.w3schools.com/sql/func_msaccess_avg.html]
[www.w3schools.com/sql/func_msaccess_cos.html]
[www.w3schools.com/sql/func_msaccess_count.html]
[www.w3schools.com/sql/func_msaccess_exp.html]
[www.w3schools.com/sql/func_msaccess_fix.html]
[www.w3schools.com/sql/func_msaccess_format_number.html]
[www.w3schools.com/sql/func_msaccess_int.html]
[www.w3schools.com/sql/func_msaccess_max.html]
[www.w3schools.com/sql/func_msaccess_min.html]
[www.w3schools.com/sql/func_msaccess_randomize.html]
[www.w3schools.com/sql/func_msaccess_rnd.html]
[www.w3schools.com/sql/func_msaccess_round.html]
[www.w3schools.com/sql/func_msaccess_sgn.html]
[www.w3schools.com/sql/func_msaccess_sqr.html]
[www.w3schools.com/sql/func_msaccess_sum.html]
[www.w3schools.com/sql/func_msaccess_val.html]
[www.w3schools.com/sql/func_msaccess_date.html]
[www.w3schools.com/sql/func_msaccess_dateadd.html]
[www.w3schools.com/sql/func_msaccess_datediff.html]
[www.w3schools.com/sql/func_msaccess_datepart.html]
[www.w3schools.com/sql/func_msaccess_dateserial.html]
[www.w3schools.com/sql/func_msaccess_datevalue.html]
[www.w3schools.com/sql/func_msaccess_day.html]
[www.w3schools.com/sql/func_msaccess_format_date.html]
[www.w3schools.com/sql/func_msaccess_hour.html]
[www.w3schools.com/sql/func_msaccess_minute.html]
[www.w3schools.com/sql/func_msaccess_month.html]
[www.w3schools.com/sql/func_msaccess_monthname.html]
[www.w3schools.com/sql/func_msaccess_now.html]
[www.w3schools.com/sql/func_msaccess_second.html]
[www.w3schools.com/sql/func_msaccess_time.html]
[www.w3schools.com/sql/func_msaccess_timeserial.html]
[www.w3schools.com/sql/func_msaccess_timevalue.html]
[www.w3schools.com/sql/func_msaccess_weekday.html]
[www.w3schools.com/sql/func_msaccess_weekdayname.html]
[www.w3schools.com/sql/func_msaccess_year.html]
[www.w3schools.com/sql/func_msaccess_currentuser.html]
[www.w3schools.com/sql/func_msaccess_environ.html]
[www.w3schools.com/sql/func_msaccess_isdate.html]
[www.w3schools.com/sql/func_msaccess_isnumeric.html]
[www.w3schools.com/sql/sql_ref_msaccess.html]
[www.w3schools.com/sql/sql_ref_oracle.html]
[www.w3schools.com/sql/trysql5ecc.html]
[www.w3schools.com/sql/trysqlb181.html]
[www.w3schools.com/sql/trysqlc3fa.html]
[www.w3schools.com/sql/trysqlc0e1.html]
[www.w3schools.com/sql/trysqlf253.html]
[www.w3schools.com/sql/trysql5c63.html]
[www.w3schools.com/sql/trysql015f.html]
[www.w3schools.com/sql/trysqlef1e.html]
[www.w3schools.com/sql/trysql12f8.html]
[www.w3schools.com/sql/trysql262a.html]
[www.w3schools.com/sql/trysql8c94.html]
[www.w3schools.com/sql/trysqldb69.html]
[www.w3schools.com/sql/trysqlc815.html]
[www.w3schools.com/sql/trysql7839.html]
[www.w3schools.com/sql/trysql3fd0.html]
[www.w3schools.com/sql/trysql3a43.html]
[www.w3schools.com/sql/trysql559d.html]
[www.w3schools.com/sql/trysql6665.html]
[www.w3schools.com/sql/trysqlc298.html]
[www.w3schools.com/sql/trysql2d79.html]
[www.w3schools.com/sql/trysqla49d.html]
[www.w3schools.com/sql/sql_operators.html]
[www.w3schools.com/sql/sql_datatypes.html]
[www.w3schools.com/sql/sql_quiz.html]
[www.w3schools.com/w3css/3/w3.css]
[www.w3schools.com/lib/codemirror.css]
[www.w3schools.com/lib/codemirror.js]
[www.w3schools.com/lib/codemirror_sql.js]
[www.w3schools.com/w3Database.js]
[www.w3schools.com/images/incompatible_ie2020.gif]
[www.w3schools.com/images/compatible_chrome2020.gif]
[www.w3schools.com/images/incompatible_firefox2020.gif]
[www.w3schools.com/images/compatible_safari2020.gif]
[www.w3schools.com/images/compatible_opera2020.gif]
[www.w3schools.com/sql/trysql786e.html]
[www.w3schools.com/lib/w3schools_footer.js]
[translate.google.com/translate_a/elementa0d8.html]
[www.w3schools.com/sql/trysqld73d.html]
[www.w3schools.com/sql/trysql27c7.html]
[www.w3schools.com/sql/trysql5458.html]
[www.w3schools.com/sql/trysqlf770.html]
[www.w3schools.com/sql/trysql8921.html]
[www.w3schools.com/sql/trysql03b0.html]
[www.w3schools.com/sql/trysql3a0e.html]
[www.w3schools.com/sql/trysql78bc.html]
[www.w3schools.com/sql/trysql825f.html]
[www.w3schools.com/sql/trysql27ec.html]
[www.w3schools.com/sql/trysql0a27.html]
[www.w3schools.com/sql/trysql1f53.html]
[www.w3schools.com/sql/trysql5221.html]
[www.w3schools.com/sql/trysql26ab.html]
[www.w3schools.com/sql/trysqled6e.html]
[www.w3schools.com/sql/trysqleda3.html]
[www.w3schools.com/sql/trysqld73c.html]
[www.w3schools.com/sql/trysqlcc7f.html]
[www.w3schools.com/sql/trysql120d.html]
[www.w3schools.com/sql/trysqld7a3.html]
[www.w3schools.com/sql/trysql329b.html]
[www.w3schools.com/sql/trysql278d.html]
[www.w3schools.com/sql/trysqla7c9.html]
[www.w3schools.com/sql/trymysql5298.html]
[www.w3schools.com/sql/trysql5cb4.html]
[www.w3schools.com/sql/trysqld76e.html]
[www.w3schools.com/sql/trymysql2614.html]
[www.w3schools.com/sql/trysql411b.html]
[www.w3schools.com/sql/trysqle2a2.html]
[www.w3schools.com/sql/trysqle806.html]
[www.w3schools.com/sql/trysqlf8e8.html]
[www.w3schools.com/sql/trysqle7ad.html]
[www.w3schools.com/sql/trysql2c3e.html]
[www.w3schools.com/sql/trysql9d73.html]
[www.w3schools.com/sql/trysqle1fb.html]
[www.w3schools.com/sql/trysqld6fe.html]
[www.w3schools.com/sql/trysql89e0.html]
[www.w3schools.com/sql/trysqlf65e.html]
[www.w3schools.com/sql/trysql1fc3.html]
[www.w3schools.com/sql/trysql0d68.html]
[www.w3schools.com/sql/trysqlde9a.html]
[www.w3schools.com/sql/trysqlfcd8.html]
[www.w3schools.com/sql/trysql7227.html]
[www.w3schools.com/sql/trysql22f7.html]
[www.w3schools.com/sql/trysqld17a.html]
[www.w3schools.com/sql/trysql5e85.html]
[www.w3schools.com/sql/trysql7501.html]
[www.w3schools.com/sql/trysql41d1.html]
[www.w3schools.com/sql/trysql83f3.html]
[www.w3schools.com/sql/trysql20d7.html]
[www.w3schools.com/sql/trysql16e2.html]
[www.w3schools.com/sql/trysql961d.html]
[www.w3schools.com/sql/trysqlae87.html]
[www.w3schools.com/sql/trysql702b.html]
[www.w3schools.com/sql/trysqldcb9.html]
[www.w3schools.com/sql/trysqlce54.html]
[www.w3schools.com/sql/trysqla326.html]
[www.w3schools.com/sql/trysqlb41f.html]
[www.w3schools.com/sql/trysql4e8e.html]
[www.w3schools.com/sql/trysql2461.html]
[www.w3schools.com/sql/trysql2923.html]
[www.w3schools.com/sql/trysqld4a8.html]
[www.w3schools.com/sql/trysql2d1f.html]
[www.w3schools.com/sql/trysqlb08f.html]
[www.w3schools.com/sql/trysql4e45.html]
[www.w3schools.com/sql/trysql7699.html]
[www.w3schools.com/sql/trysql795f.html]
[www.w3schools.com/sql/trysqld1d0.html]
[www.w3schools.com/sql/trysqlb50d.html]
[www.w3schools.com/sql/trysql6206.html]
[www.w3schools.com/sql/trysqlc4c7.html]
[www.w3schools.com/sql/trysql6946.html]
[www.w3schools.com/sql/trysql2fd2.html]
[www.w3schools.com/sql/trysql8002.html]
[www.w3schools.com/sql/trysqlf3cc.html]
[www.w3schools.com/sql/trysqld5a7.html]
[www.w3schools.com/sql/trysqlc151.html]
[www.w3schools.com/sql/trysqlcb84.html]
[www.w3schools.com/sql/trysqlc5c8.html]
[www.w3schools.com/sql/trysql77ff.html]
[www.w3schools.com/sql/trysql7fc1.html]
[www.w3schools.com/sql/trysqlf074.html]
[www.w3schools.com/sql/trysql85b0.html]
[www.w3schools.com/sql/trysql7064.html]
[www.w3schools.com/sql/trysql8216.html]
[www.w3schools.com/sql/trysql34fa.html]
[www.w3schools.com/sql/trysql77f2.html]
[www.w3schools.com/sql/trymysqlf605.html]
[www.w3schools.com/sql/trymysql11cf.html]
[www.w3schools.com/sql/trymysql5935.html]
[www.w3schools.com/sql/func_mysql_ifnull.html]
[www.w3schools.com/sql/trymysqlad30.html]
[www.w3schools.com/sql/trymysql1c19.html]
[www.w3schools.com/sql/func_mysql_coalesce.html]
[www.w3schools.com/sql/trysqlserver771e.html]
[www.w3schools.com/sql/trysqlserver406a.html]
[www.w3schools.com/sql/trysqlserver9985.html]
[www.w3schools.com/sql/func_sqlserver_isnull.html]
[www.w3schools.com/sql/trysql40ec.html]
[www.w3schools.com/sql/trysql52bb.html]
[www.w3schools.com/sql/trysql9b1d.html]
[www.w3schools.com/sql/func_msaccess_isnull.html]
[www.w3schools.com/sql/trysqlc799.html]
[www.w3schools.com/sql/trysql9808.html]
[www.w3schools.com/sql/trysqled2f.html]
[www.w3schools.com/sql/trysql1e86.html]
[www.w3schools.com/sql/trysql7af1.html]
[www.w3schools.com/sql/trysql061e.html]
[www.w3schools.com/sql/trysql3964.html]
[www.w3schools.com/sql/trysql0fa5.html]
[www.w3schools.com/sql/trysql834a.html]
[www.w3schools.com/sql/trysqla4dd.html]
[www.w3schools.com/sql/trymysql787b.html]
[www.w3schools.com/sql/func_mysql_ascii.html]
[www.w3schools.com/sql/trymysqlb149.html]
[www.w3schools.com/sql/trymysql52e7.html]
[www.w3schools.com/sql/func_mysql_char_length.html]
[www.w3schools.com/sql/trymysql0116.html]
[www.w3schools.com/sql/trymysql31d5.html]
[www.w3schools.com/sql/func_mysql_character_length.html]
[www.w3schools.com/sql/trymysql4c6d.html]
[www.w3schools.com/sql/trymysql1b24.html]
[www.w3schools.com/sql/func_mysql_concat.html]
[www.w3schools.com/sql/trymysql6c0e.html]
[www.w3schools.com/sql/trymysql9a3b.html]
[www.w3schools.com/sql/func_mysql_concat_ws.html]
[www.w3schools.com/sql/trymysql3f87.html]
[www.w3schools.com/sql/trymysql335b.html]
[www.w3schools.com/sql/trymysql23f2.html]
[www.w3schools.com/sql/func_mysql_field.html]
[www.w3schools.com/sql/trymysqld7bf.html]
[www.w3schools.com/sql/trymysqlc281.html]
[www.w3schools.com/sql/trymysql7ecd.html]
[www.w3schools.com/sql/func_mysql_find_in_set.html]
[www.w3schools.com/sql/trymysqlc724.html]
[www.w3schools.com/sql/trymysql952e.html]
[www.w3schools.com/sql/func_mysql_format.html]
[www.w3schools.com/sql/trymysql0218.html]
[www.w3schools.com/sql/trymysql601e.html]
[www.w3schools.com/sql/func_mysql_insert.html]
[www.w3schools.com/sql/trymysql7cb5.html]
[www.w3schools.com/sql/trymysql58d2.html]
[www.w3schools.com/sql/trymysqlb6e8.html]
[www.w3schools.com/sql/func_mysql_instr.html]
[www.w3schools.com/sql/trymysql45e7.html]
[www.w3schools.com/sql/trymysql58cf.html]
[www.w3schools.com/sql/func_mysql_lcase.html]
[www.w3schools.com/sql/trymysql25f8.html]
[www.w3schools.com/sql/trymysqld4c2.html]
[www.w3schools.com/sql/func_mysql_left.html]
[www.w3schools.com/sql/trymysql52ac.html]
[www.w3schools.com/sql/trymysqlac40.html]
[www.w3schools.com/sql/func_mysql_length.html]
[www.w3schools.com/sql/trymysqlf7c2.html]
[www.w3schools.com/sql/trymysqlf73d.html]
[www.w3schools.com/sql/func_mysql_locate.html]
[www.w3schools.com/sql/trymysql1d1d.html]
[www.w3schools.com/sql/trymysql42ce.html]
[www.w3schools.com/sql/trymysql6545.html]
[www.w3schools.com/sql/func_mysql_lower.html]
[www.w3schools.com/sql/trymysql0373.html]
[www.w3schools.com/sql/trymysql38e4.html]
[www.w3schools.com/sql/func_mysql_lpad.html]
[www.w3schools.com/sql/trymysql34d5.html]
[www.w3schools.com/sql/func_mysql_ltrim.html]
[www.w3schools.com/sql/trymysqle60f.html]
[www.w3schools.com/sql/trymysqlc334.html]
[www.w3schools.com/sql/func_mysql_mid.html]
[www.w3schools.com/sql/trymysql5063.html]
[www.w3schools.com/sql/trymysql292d.html]
[www.w3schools.com/sql/trymysql85ff.html]
[www.w3schools.com/sql/trymysql680f.html]
[www.w3schools.com/sql/func_mysql_position.html]
[www.w3schools.com/sql/trymysqle8c4.html]
[www.w3schools.com/sql/trymysql6f48.html]
[www.w3schools.com/sql/func_mysql_repeat.html]
[www.w3schools.com/sql/trymysql2b83.html]
[www.w3schools.com/sql/trymysql86b0.html]
[www.w3schools.com/sql/trymysql7c19.html]
[www.w3schools.com/sql/trymysql0baa.html]
[www.w3schools.com/sql/trymysql66f0.html]
[www.w3schools.com/sql/func_mysql_replace.html]
[www.w3schools.com/sql/trymysqle952.html]
[www.w3schools.com/sql/func_mysql_reverse.html]
[www.w3schools.com/sql/trymysql2fe9.html]
[www.w3schools.com/sql/trymysql3ec3.html]
[www.w3schools.com/sql/trymysqld036.html]
[www.w3schools.com/sql/func_mysql_right.html]
[www.w3schools.com/sql/trymysqla388.html]
[www.w3schools.com/sql/trymysql8c3e.html]
[www.w3schools.com/sql/func_mysql_rpad.html]
[www.w3schools.com/sql/trymysql89ad.html]
[www.w3schools.com/sql/func_mysql_rtrim.html]
[www.w3schools.com/sql/trymysqle1ad.html]
[www.w3schools.com/sql/func_mysql_space.html]
[www.w3schools.com/sql/trymysqlb6f6.html]
[www.w3schools.com/sql/trymysql9009.html]
[www.w3schools.com/sql/func_mysql_strcmp.html]
[www.w3schools.com/sql/trymysql7d8a.html]
[www.w3schools.com/sql/trymysql87f0.html]
[www.w3schools.com/sql/trymysql171e.html]
[www.w3schools.com/sql/func_mysql_substr.html]
[www.w3schools.com/sql/trymysql472a.html]
[www.w3schools.com/sql/trymysqlb1ef.html]
[www.w3schools.com/sql/trymysqlcf7f.html]
[www.w3schools.com/sql/func_mysql_substring.html]
[www.w3schools.com/sql/trymysql2675.html]
[www.w3schools.com/sql/trymysqle5bf.html]
[www.w3schools.com/sql/func_mysql_substring_index.html]
[www.w3schools.com/sql/trymysqlb92e.html]
[www.w3schools.com/sql/func_mysql_trim.html]
[www.w3schools.com/sql/trymysqlf10a.html]
[www.w3schools.com/sql/func_mysql_ucase.html]
[www.w3schools.com/sql/trymysql1395.html]
[www.w3schools.com/sql/trymysqlac27.html]
[www.w3schools.com/sql/trymysqla48b.html]
[www.w3schools.com/sql/func_mysql_upper.html]
[www.w3schools.com/sql/trymysqlfd8b.html]
[www.w3schools.com/sql/func_mysql_abs.html]
[www.w3schools.com/sql/trymysqlb218.html]
[www.w3schools.com/sql/func_mysql_acos.html]
[www.w3schools.com/sql/trymysqlc17e.html]
[www.w3schools.com/sql/trymysqlaf15.html]
[www.w3schools.com/sql/trymysqlfd15.html]
[www.w3schools.com/sql/func_mysql_asin.html]
[www.w3schools.com/sql/trymysql0255.html]
[www.w3schools.com/sql/trymysql7827.html]
[www.w3schools.com/sql/func_mysql_atan.html]
[www.w3schools.com/sql/trymysql8ac2.html]
[www.w3schools.com/sql/trymysql86c3.html]
[www.w3schools.com/sql/func_mysql_atan2.html]
[www.w3schools.com/sql/trymysqlfd87.html]
[www.w3schools.com/sql/func_mysql_avg.html]
[www.w3schools.com/sql/trymysqlcaf2.html]
[www.w3schools.com/sql/trymysql5891.html]
[www.w3schools.com/sql/trymysql083f.html]
[www.w3schools.com/sql/func_mysql_ceil.html]
[www.w3schools.com/sql/trymysql2441.html]
[www.w3schools.com/sql/trymysqla533.html]
[www.w3schools.com/sql/func_mysql_ceiling.html]
[www.w3schools.com/sql/trymysqlf697.html]
[www.w3schools.com/sql/trymysql1638.html]
[www.w3schools.com/sql/func_mysql_cos.html]
[www.w3schools.com/sql/trymysqledd3.html]
[www.w3schools.com/sql/trymysqla9aa.html]
[www.w3schools.com/sql/func_mysql_cot.html]
[www.w3schools.com/sql/trymysqlf27a.html]
[www.w3schools.com/sql/func_mysql_count.html]
[www.w3schools.com/sql/trymysql9aba.html]
[www.w3schools.com/sql/trymysql502e.html]
[www.w3schools.com/sql/func_mysql_degrees.html]
[www.w3schools.com/sql/trymysql125d.html]
[www.w3schools.com/sql/trymysql9ac8.html]
[www.w3schools.com/sql/func_mysql_div.html]
[www.w3schools.com/sql/trymysql41c2.html]
[www.w3schools.com/sql/trymysql9784.html]
[www.w3schools.com/sql/func_mysql_exp.html]
[www.w3schools.com/sql/trymysql6935.html]
[www.w3schools.com/sql/trymysqlf989.html]
[www.w3schools.com/sql/func_mysql_floor.html]
[www.w3schools.com/sql/trymysql0dc0.html]
[www.w3schools.com/sql/trymysql6c85.html]
[www.w3schools.com/sql/func_mysql_greatest.html]
[www.w3schools.com/sql/trymysqle582.html]
[www.w3schools.com/sql/trymysql20a9.html]
[www.w3schools.com/sql/func_mysql_least.html]
[www.w3schools.com/sql/trymysqlbafa.html]
[www.w3schools.com/sql/trymysqlac93.html]
[www.w3schools.com/sql/func_mysql_ln.html]
[www.w3schools.com/sql/trymysql062b.html]
[www.w3schools.com/sql/func_mysql_log.html]
[www.w3schools.com/sql/trymysqla5ce.html]
[www.w3schools.com/sql/trymysql2161.html]
[www.w3schools.com/sql/trymysql392b.html]
[www.w3schools.com/sql/func_mysql_log10.html]
[www.w3schools.com/sql/trymysqldd63.html]
[www.w3schools.com/sql/trymysql2129.html]
[www.w3schools.com/sql/func_mysql_log2.html]
[www.w3schools.com/sql/trymysqlde05.html]
[www.w3schools.com/sql/func_mysql_max.html]
[www.w3schools.com/sql/trymysql6ddf.html]
[www.w3schools.com/sql/func_mysql_min.html]
[www.w3schools.com/sql/trymysqlfebd.html]
[www.w3schools.com/sql/trymysql07e5.html]
[www.w3schools.com/sql/trymysql3f60.html]
[www.w3schools.com/sql/func_mysql_mod.html]
[www.w3schools.com/sql/trymysqle98e.html]
[www.w3schools.com/sql/func_mysql_pi.html]
[www.w3schools.com/sql/trymysql6477.html]
[www.w3schools.com/sql/trymysql6b44.html]
[www.w3schools.com/sql/func_mysql_pow.html]
[www.w3schools.com/sql/trymysql7935.html]
[www.w3schools.com/sql/trymysql40cf.html]
[www.w3schools.com/sql/func_mysql_power.html]
[www.w3schools.com/sql/trymysql1927.html]
[www.w3schools.com/sql/trymysql8245.html]
[www.w3schools.com/sql/func_mysql_radians.html]
[www.w3schools.com/sql/trymysql7614.html]
[www.w3schools.com/sql/trymysqlae44.html]
[www.w3schools.com/sql/trymysql181b.html]
[www.w3schools.com/sql/trymysql9de6.html]
[www.w3schools.com/sql/func_mysql_rand.html]
[www.w3schools.com/sql/trymysql4d40.html]
[www.w3schools.com/sql/trymysqlba1c.html]
[www.w3schools.com/sql/trysql2b58.html]
[www.w3schools.com/sql/func_mysql_round.html]
[www.w3schools.com/sql/trymysql3c62.html]
[www.w3schools.com/sql/trymysql79b9.html]
[www.w3schools.com/sql/func_mysql_sign.html]
[www.w3schools.com/sql/trymysql7397.html]
[www.w3schools.com/sql/trymysql2eba.html]
[www.w3schools.com/sql/func_mysql_sin.html]
[www.w3schools.com/sql/trymysql561f.html]
[www.w3schools.com/sql/trymysqlbd74.html]
[www.w3schools.com/sql/func_mysql_sqrt.html]
[www.w3schools.com/sql/trymysql2f7f.html]
[www.w3schools.com/sql/func_mysql_sum.html]
[www.w3schools.com/sql/trymysqlc0ed.html]
[www.w3schools.com/sql/trymysql26d0.html]
[www.w3schools.com/sql/func_mysql_tan.html]
[www.w3schools.com/sql/trymysql7f69.html]
[www.w3schools.com/sql/trymysqlaeba.html]
[www.w3schools.com/sql/func_mysql_truncate.html]
[www.w3schools.com/sql/trymysqlb006.html]
[www.w3schools.com/sql/trymysql4a7a.html]
[www.w3schools.com/sql/trymysql0002.html]
[www.w3schools.com/sql/trymysqldd60.html]
[www.w3schools.com/sql/func_mysql_adddate.html]
[www.w3schools.com/sql/trymysqlf2c6.html]
[www.w3schools.com/sql/trymysqla512.html]
[www.w3schools.com/sql/trymysqlf942.html]
[www.w3schools.com/sql/trymysql75ad.html]
[www.w3schools.com/sql/trymysql5b05.html]
[www.w3schools.com/sql/func_mysql_addtime.html]
[www.w3schools.com/sql/trymysql6888.html]
[www.w3schools.com/sql/trymysqlca5e.html]
[www.w3schools.com/sql/func_mysql_curdate.html]
[www.w3schools.com/sql/trymysqlac48.html]
[www.w3schools.com/sql/trymysql494f.html]
[www.w3schools.com/sql/func_mysql_current_date.html]
[www.w3schools.com/sql/trymysql330e.html]
[www.w3schools.com/sql/trymysqlbf4a.html]
[www.w3schools.com/sql/func_mysql_current_time.html]
[www.w3schools.com/sql/trymysql8b6f.html]
[www.w3schools.com/sql/trymysqlf503.html]
[www.w3schools.com/sql/func_mysql_current_timestamp.html]
[www.w3schools.com/sql/trymysql87ae.html]
[www.w3schools.com/sql/trymysql82c8.html]
[www.w3schools.com/sql/func_mysql_curtime.html]
[www.w3schools.com/sql/trymysql61b3.html]
[www.w3schools.com/sql/trymysqldde7.html]
[www.w3schools.com/sql/trymysql4d28.html]
[www.w3schools.com/sql/trymysqlba56.html]
[www.w3schools.com/sql/func_mysql_date.html]
[www.w3schools.com/sql/trymysqlcce6.html]
[www.w3schools.com/sql/trymysql0522.html]
[www.w3schools.com/sql/trymysqlb55a.html]
[www.w3schools.com/sql/func_mysql_datediff.html]
[www.w3schools.com/sql/trymysql8856.html]
[www.w3schools.com/sql/trymysql0cf5.html]
[www.w3schools.com/sql/trymysqle049.html]
[www.w3schools.com/sql/trymysqlbcd4.html]
[www.w3schools.com/sql/func_mysql_date_add.html]
[www.w3schools.com/sql/trymysqle3cd.html]
[www.w3schools.com/sql/trymysqla921.html]
[www.w3schools.com/sql/trymysql756a.html]
[www.w3schools.com/sql/trymysqlb522.html]
[www.w3schools.com/sql/func_mysql_date_format.html]
[www.w3schools.com/sql/trymysqlba1d.html]
[www.w3schools.com/sql/trymysql7306.html]
[www.w3schools.com/sql/trymysql7b38.html]
[www.w3schools.com/sql/trymysql45c5.html]
[www.w3schools.com/sql/func_mysql_date_sub.html]
[www.w3schools.com/sql/trymysql258e.html]
[www.w3schools.com/sql/trymysqldcdb.html]
[www.w3schools.com/sql/trymysqlcb56.html]
[www.w3schools.com/sql/func_mysql_day.html]
[www.w3schools.com/sql/trymysql23a9.html]
[www.w3schools.com/sql/trymysqlc48c.html]
[www.w3schools.com/sql/trymysqla988.html]
[www.w3schools.com/sql/func_mysql_dayname.html]
[www.w3schools.com/sql/trymysqlb2a3.html]
[www.w3schools.com/sql/trymysqlece3.html]
[www.w3schools.com/sql/func_mysql_dayofmonth.html]
[www.w3schools.com/sql/trymysql71a3.html]
[www.w3schools.com/sql/trymysql901f.html]
[www.w3schools.com/sql/trymysql792d.html]
[www.w3schools.com/sql/trymysqlf684.html]
[www.w3schools.com/sql/func_mysql_dayofweek.html]
[www.w3schools.com/sql/trymysqle3c8.html]
[www.w3schools.com/sql/trymysqlcbc5.html]
[www.w3schools.com/sql/trymysqla245.html]
[www.w3schools.com/sql/func_mysql_dayofyear.html]
[www.w3schools.com/sql/trymysql5d94.html]
[www.w3schools.com/sql/trymysql8a6b.html]
[www.w3schools.com/sql/trymysqld31d.html]
[www.w3schools.com/sql/trymysql81c5.html]
[www.w3schools.com/sql/func_mysql_extract.html]
[www.w3schools.com/sql/trymysqle5fb.html]
[www.w3schools.com/sql/trymysqlcc0b.html]
[www.w3schools.com/sql/func_mysql_from_days.html]
[www.w3schools.com/sql/trymysql0ccf.html]
[www.w3schools.com/sql/trymysqla7aa.html]
[www.w3schools.com/sql/func_mysql_hour.html]
[www.w3schools.com/sql/trymysql5baf.html]
[www.w3schools.com/sql/func_mysql_last_day.html]
[www.w3schools.com/sql/trymysql554d.html]
[www.w3schools.com/sql/trymysql03d9.html]
[www.w3schools.com/sql/func_mysql_localtime.html]
[www.w3schools.com/sql/trymysql3c19.html]
[www.w3schools.com/sql/trymysqld727.html]
[www.w3schools.com/sql/trymysqlf61f.html]
[www.w3schools.com/sql/func_mysql_localtimestamp.html]
[www.w3schools.com/sql/trymysqlaadc.html]
[www.w3schools.com/sql/trymysql0461.html]
[www.w3schools.com/sql/trymysql5df1.html]
[www.w3schools.com/sql/func_mysql_makedate.html]
[www.w3schools.com/sql/trymysql7af0.html]
[www.w3schools.com/sql/trymysql0907.html]
[www.w3schools.com/sql/trymysqla93e.html]
[www.w3schools.com/sql/trymysql74ee.html]
[www.w3schools.com/sql/trymysqla4dc.html]
[www.w3schools.com/sql/func_mysql_maketime.html]
[www.w3schools.com/sql/trymysqle20c.html]
[www.w3schools.com/sql/trymysql3ea4.html]
[www.w3schools.com/sql/func_mysql_microsecond.html]
[www.w3schools.com/sql/trymysql9dd2.html]
[www.w3schools.com/sql/trymysql0ac2.html]
[www.w3schools.com/sql/func_mysql_minute.html]
[www.w3schools.com/sql/trymysql7c34.html]
[www.w3schools.com/sql/trymysql8a6c.html]
[www.w3schools.com/sql/trymysql1085.html]
[www.w3schools.com/sql/func_mysql_month.html]
[www.w3schools.com/sql/trymysql4c2d.html]
[www.w3schools.com/sql/trymysql7bcd.html]
[www.w3schools.com/sql/trymysql23ee.html]
[www.w3schools.com/sql/func_mysql_monthname.html]
[www.w3schools.com/sql/trymysql0b15.html]
[www.w3schools.com/sql/trymysql812b.html]
[www.w3schools.com/sql/func_mysql_now.html]
[www.w3schools.com/sql/trymysql9c24.html]
[www.w3schools.com/sql/trymysql8451.html]
[www.w3schools.com/sql/trymysql7a02.html]
[www.w3schools.com/sql/func_mysql_period_add.html]
[www.w3schools.com/sql/trymysql28a0.html]
[www.w3schools.com/sql/trymysql2b63.html]
[www.w3schools.com/sql/trymysql107d.html]
[www.w3schools.com/sql/func_mysql_period_diff.html]
[www.w3schools.com/sql/trymysql8a5b.html]
[www.w3schools.com/sql/trymysqlae6d.html]
[www.w3schools.com/sql/func_mysql_quarter.html]
[www.w3schools.com/sql/trymysql96a0.html]
[www.w3schools.com/sql/trymysqle237.html]
[www.w3schools.com/sql/trymysqlccf0.html]
[www.w3schools.com/sql/func_mysql_second.html]
[www.w3schools.com/sql/trymysqlf001.html]
[www.w3schools.com/sql/trymysql56c6.html]
[www.w3schools.com/sql/func_mysql_sec_to_time.html]
[www.w3schools.com/sql/trymysql15f8.html]
[www.w3schools.com/sql/trymysql9d55.html]
[www.w3schools.com/sql/trymysql2dd8.html]
[www.w3schools.com/sql/trymysqlbfed.html]
[www.w3schools.com/sql/func_mysql_str_to_date.html]
[www.w3schools.com/sql/trymysqle8a6.html]
[www.w3schools.com/sql/trymysql745b.html]
[www.w3schools.com/sql/trymysql6126.html]
[www.w3schools.com/sql/trymysqld8a6.html]
[www.w3schools.com/sql/func_mysql_subdate.html]
[www.w3schools.com/sql/trymysqle9fe.html]
[www.w3schools.com/sql/trymysql3d40.html]
[www.w3schools.com/sql/trymysql8c92.html]
[www.w3schools.com/sql/trymysqlc50f.html]
[www.w3schools.com/sql/func_mysql_subtime.html]
[www.w3schools.com/sql/trymysql0246.html]
[www.w3schools.com/sql/trymysql3b42.html]
[www.w3schools.com/sql/func_mysql_sysdate.html]
[www.w3schools.com/sql/trymysql8092.html]
[www.w3schools.com/sql/trymysqlb5bd.html]
[www.w3schools.com/sql/trymysql1514.html]
[www.w3schools.com/sql/trymysql5b4f.html]
[www.w3schools.com/sql/func_mysql_time.html]
[www.w3schools.com/sql/trymysql8e96.html]
[www.w3schools.com/sql/trymysql0bc2.html]
[www.w3schools.com/sql/trymysql4e19.html]
[www.w3schools.com/sql/trymysql3b49.html]
[www.w3schools.com/sql/func_mysql_time_format.html]
[www.w3schools.com/sql/trymysql557c.html]
[www.w3schools.com/sql/trymysqla575.html]
[www.w3schools.com/sql/trymysql831b.html]
[www.w3schools.com/sql/trymysqla874.html]
[www.w3schools.com/sql/func_mysql_time_to_sec.html]
[www.w3schools.com/sql/trymysql84b6.html]
[www.w3schools.com/sql/trymysql40f8.html]
[www.w3schools.com/sql/func_mysql_timediff.html]
[www.w3schools.com/sql/trymysql1a9d.html]
[www.w3schools.com/sql/trymysql5449.html]
[www.w3schools.com/sql/func_mysql_timestamp.html]
[www.w3schools.com/sql/trymysql4fa9.html]
[www.w3schools.com/sql/trymysql1f67.html]
[www.w3schools.com/sql/func_mysql_to_days.html]
[www.w3schools.com/sql/trymysqld6d1.html]
[www.w3schools.com/sql/trymysql5dd5.html]
[www.w3schools.com/sql/func_mysql_week.html]
[www.w3schools.com/sql/trymysql8d36.html]
[www.w3schools.com/sql/trymysql2ce3.html]
[www.w3schools.com/sql/trymysql1d76.html]
[www.w3schools.com/sql/func_mysql_weekday.html]
[www.w3schools.com/sql/trymysqlf265.html]
[www.w3schools.com/sql/trymysql3709.html]
[www.w3schools.com/sql/trymysqlec65.html]
[www.w3schools.com/sql/trymysql2647.html]
[www.w3schools.com/sql/func_mysql_weekofyear.html]
[www.w3schools.com/sql/trymysql3a29.html]
[www.w3schools.com/sql/trymysql9886.html]
[www.w3schools.com/sql/trymysql4780.html]
[www.w3schools.com/sql/func_mysql_year.html]
[www.w3schools.com/sql/trymysql50f9.html]
[www.w3schools.com/sql/trymysqlee97.html]
[www.w3schools.com/sql/trymysqlca87.html]
[www.w3schools.com/sql/func_mysql_yearweek.html]
[www.w3schools.com/sql/trymysql13c6.html]
[www.w3schools.com/sql/trymysql3887.html]
[www.w3schools.com/sql/trymysqla596.html]
[www.w3schools.com/sql/func_mysql_bin.html]
[www.w3schools.com/sql/trymysql9118.html]
[www.w3schools.com/sql/trymysql17da.html]
[www.w3schools.com/sql/trymysql6919.html]
[www.w3schools.com/sql/func_mysql_binary.html]
[www.w3schools.com/sql/trymysqld94b.html]
[www.w3schools.com/sql/trymysql70f2.html]
[www.w3schools.com/sql/func_mysql_case.html]
[www.w3schools.com/sql/trymysqlcc6c.html]
[www.w3schools.com/sql/trymysqldd6d.html]
[www.w3schools.com/sql/trymysql8de5.html]
[www.w3schools.com/sql/trymysqlbf47.html]
[www.w3schools.com/sql/func_mysql_cast.html]
[www.w3schools.com/sql/trymysql9c58.html]
[www.w3schools.com/sql/func_mysql_connection_id.html]
[www.w3schools.com/sql/trymysqlcda9.html]
[www.w3schools.com/sql/trymysql425d.html]
[www.w3schools.com/sql/trymysqle39a.html]
[www.w3schools.com/sql/func_mysql_conv.html]
[www.w3schools.com/sql/trymysqlc06c.html]
[www.w3schools.com/sql/trymysql22b4.html]
[www.w3schools.com/sql/trymysql773c.html]
[www.w3schools.com/sql/trymysql113c.html]
[www.w3schools.com/sql/func_mysql_convert.html]
[www.w3schools.com/sql/trymysqle212.html]
[www.w3schools.com/sql/func_mysql_current_user.html]
[www.w3schools.com/sql/func_mysql_database.html]
[www.w3schools.com/sql/trymysqlcca0.html]
[www.w3schools.com/sql/trymysqlc9f4.html]
[www.w3schools.com/sql/trymysql297e.html]
[www.w3schools.com/sql/trymysql461f.html]
[www.w3schools.com/sql/trymysqle4c0.html]
[www.w3schools.com/sql/func_mysql_if.html]
[www.w3schools.com/sql/trymysql47c6.html]
[www.w3schools.com/sql/trymysql956c.html]
[www.w3schools.com/sql/trymysql8699.html]
[www.w3schools.com/sql/trymysql433e.html]
[www.w3schools.com/sql/func_mysql_isnull.html]
[www.w3schools.com/sql/trymysqlf74c.html]
[www.w3schools.com/sql/func_mysql_last_insert_id.html]
[www.w3schools.com/sql/trymysqld238.html]
[www.w3schools.com/sql/trymysqla768.html]
[www.w3schools.com/sql/trymysql0b75.html]
[www.w3schools.com/sql/trymysql5001.html]
[www.w3schools.com/sql/func_mysql_nullif.html]
[www.w3schools.com/sql/trymysqlb4db.html]
[www.w3schools.com/sql/func_mysql_session_user.html]
[www.w3schools.com/sql/trymysql0289.html]
[www.w3schools.com/sql/func_mysql_system_user.html]
[www.w3schools.com/sql/trymysql6af6.html]
[www.w3schools.com/sql/func_mysql_user.html]
[www.w3schools.com/sql/trymysql7952.html]
[www.w3schools.com/sql/func_mysql_version.html]
[www.w3schools.com/sql/trysqlservere0a2.html]
[www.w3schools.com/sql/func_sqlserver_ascii.html]
[www.w3schools.com/sql/trysqlserver3d7b.html]
[www.w3schools.com/sql/func_sqlserver_char.html]
[www.w3schools.com/sql/trysqlserver8ad5.html]
[www.w3schools.com/sql/trysqlserverd980.html]
[www.w3schools.com/sql/trysqlserverece6.html]
[www.w3schools.com/sql/func_sqlserver_charindex.html]
[www.w3schools.com/sql/trysqlserver8f57.html]
[www.w3schools.com/sql/trysqlserveraa01.html]
[www.w3schools.com/sql/trysqlserver3982.html]
[www.w3schools.com/sql/func_sqlserver_concat.html]
[www.w3schools.com/sql/trysqlserverd6ee.html]
[www.w3schools.com/sql/trysqlserver08f5.html]
[www.w3schools.com/sql/trysqlserver1da9.html]
[www.w3schools.com/sql/func_sqlserver_concat_with_plus.html]
[www.w3schools.com/sql/trysqlserver1ce7.html]
[www.w3schools.com/sql/trysqlserver0ff9.html]
[www.w3schools.com/sql/trysqlserver5d63.html]
[www.w3schools.com/sql/func_sqlserver_datalength.html]
[www.w3schools.com/sql/trysqlserverd2bc.html]
[www.w3schools.com/sql/trysqlservere7ab.html]
[www.w3schools.com/sql/trysqlserver15f4.html]
[www.w3schools.com/sql/func_sqlserver_left.html]
[www.w3schools.com/sql/trysqlserver99df.html]
[www.w3schools.com/sql/trysqlserverfd91.html]
[www.w3schools.com/sql/trysqlserverf631.html]
[www.w3schools.com/sql/func_sqlserver_len.html]
[www.w3schools.com/sql/trysqlserverbb22.html]
[www.w3schools.com/sql/trysqlserver156c.html]
[www.w3schools.com/sql/func_sqlserver_lower.html]
[www.w3schools.com/sql/trysqlserver615b.html]
[www.w3schools.com/sql/func_sqlserver_ltrim.html]
[www.w3schools.com/sql/trysqlserverfd77.html]
[www.w3schools.com/sql/func_sqlserver_nchar.html]
[www.w3schools.com/sql/trysqlserver4cf3.html]
[www.w3schools.com/sql/trysqlserverbe7d.html]
[www.w3schools.com/sql/trysqlserver5b2d.html]
[www.w3schools.com/sql/func_sqlserver_patindex.html]
[www.w3schools.com/sql/trysqlservereadb.html]
[www.w3schools.com/sql/trysqlservercf29.html]
[www.w3schools.com/sql/trysqlservera282.html]
[www.w3schools.com/sql/trysqlserver5896.html]
[www.w3schools.com/sql/func_sqlserver_replace.html]
[www.w3schools.com/sql/trysqlserverea70.html]
[www.w3schools.com/sql/trysqlserver3bc7.html]
[www.w3schools.com/sql/trysqlserverfee4.html]
[www.w3schools.com/sql/func_sqlserver_right.html]
[www.w3schools.com/sql/trysqlserver981a.html]
[www.w3schools.com/sql/func_sqlserver_rtrim.html]
[www.w3schools.com/sql/trysqlserver5d9d.html]
[www.w3schools.com/sql/func_sqlserver_space.html]
[www.w3schools.com/sql/trysqlserver01ef.html]
[www.w3schools.com/sql/trysqlserverabfa.html]
[www.w3schools.com/sql/func_sqlserver_str.html]
[www.w3schools.com/sql/trysqlserver756e.html]
[www.w3schools.com/sql/trysqlserver97ab.html]
[www.w3schools.com/sql/trysqlserverfac3.html]
[www.w3schools.com/sql/func_sqlserver_stuff.html]
[www.w3schools.com/sql/trysqlserver0fb5.html]
[www.w3schools.com/sql/trysqlserver7bdf.html]
[www.w3schools.com/sql/trysqlserver0575.html]
[www.w3schools.com/sql/func_sqlserver_substring.html]
[www.w3schools.com/sql/trysqlserver0240.html]
[www.w3schools.com/sql/trysqlservercc5c.html]
[www.w3schools.com/sql/func_sqlserver_upper.html]
[www.w3schools.com/sql/trysqlserver6add.html]
[www.w3schools.com/sql/func_sqlserver_abs.html]
[www.w3schools.com/sql/trysqlserver36ea.html]
[www.w3schools.com/sql/trysqlserver1be2.html]
[www.w3schools.com/sql/func_sqlserver_avg.html]
[www.w3schools.com/sql/trysqlserverb917.html]
[www.w3schools.com/sql/trysqlserverfdc1.html]
[www.w3schools.com/sql/trysqlserver8236.html]
[www.w3schools.com/sql/func_sqlserver_ceiling.html]
[www.w3schools.com/sql/trysqlserver7670.html]
[www.w3schools.com/sql/func_sqlserver_count.html]
[www.w3schools.com/sql/trysqlserver15e1.html]
[www.w3schools.com/sql/trysqlserverdcaa.html]
[www.w3schools.com/sql/trysqlserver377f.html]
[www.w3schools.com/sql/func_sqlserver_floor.html]
[www.w3schools.com/sql/trysqlserver1bc4.html]
[www.w3schools.com/sql/func_sqlserver_max.html]
[www.w3schools.com/sql/trysqlserver87cb.html]
[www.w3schools.com/sql/func_sqlserver_min.html]
[www.w3schools.com/sql/trysqlserver16ae.html]
[www.w3schools.com/sql/trysqlservercdda.html]
[www.w3schools.com/sql/trysqlserver36eb.html]
[www.w3schools.com/sql/trysqlserver2138.html]
[www.w3schools.com/sql/func_sqlserver_rand.html]
[www.w3schools.com/sql/trysqlserver950b.html]
[www.w3schools.com/sql/trysqlservere0dd.html]
[www.w3schools.com/sql/trysqlserver2607.html]
[www.w3schools.com/sql/func_sqlserver_round.html]
[www.w3schools.com/sql/trysqlserver788b.html]
[www.w3schools.com/sql/trysqlserver68f7.html]
[www.w3schools.com/sql/func_sqlserver_sign.html]
[www.w3schools.com/sql/trysqlserver6b05.html]
[www.w3schools.com/sql/func_sqlserver_sum.html]
[www.w3schools.com/sql/trysqlserver4b21.html]
[www.w3schools.com/sql/func_sqlserver_current_timestamp.html]
[www.w3schools.com/sql/trysqlserver4f88.html]
[www.w3schools.com/sql/trysqlservera5e1.html]
[www.w3schools.com/sql/trysqlserverbb11.html]
[www.w3schools.com/sql/func_sqlserver_dateadd.html]
[www.w3schools.com/sql/trysqlserver3578.html]
[www.w3schools.com/sql/trysqlserverbeb1.html]
[www.w3schools.com/sql/trysqlserverd18e.html]
[www.w3schools.com/sql/trysqlserver62e6.html]
[www.w3schools.com/sql/func_sqlserver_datediff.html]
[www.w3schools.com/sql/trysqlserverec16.html]
[www.w3schools.com/sql/trysqlserver6670.html]
[www.w3schools.com/sql/trysqlservera644.html]
[www.w3schools.com/sql/trysqlserver205b.html]
[www.w3schools.com/sql/trysqlserver9787.html]
[www.w3schools.com/sql/func_sqlserver_datename.html]
[www.w3schools.com/sql/trysqlserverae98.html]
[www.w3schools.com/sql/trysqlserverb5eb.html]
[www.w3schools.com/sql/trysqlserver6c00.html]
[www.w3schools.com/sql/trysqlserver64e9.html]
[www.w3schools.com/sql/trysqlserver133b.html]
[www.w3schools.com/sql/func_sqlserver_datepart.html]
[www.w3schools.com/sql/trysqlserverd74d.html]
[www.w3schools.com/sql/trysqlserverc5cb.html]
[www.w3schools.com/sql/func_sqlserver_day.html]
[www.w3schools.com/sql/trysqlserver10e5.html]
[www.w3schools.com/sql/func_sqlserver_getdate.html]
[www.w3schools.com/sql/trysqlservera944.html]
[www.w3schools.com/sql/func_sqlserver_getutcdate.html]
[www.w3schools.com/sql/trysqlserver6be5.html]
[www.w3schools.com/sql/func_sqlserver_month.html]
[www.w3schools.com/sql/trysqlserver011a.html]
[www.w3schools.com/sql/trysqlservere182.html]
[www.w3schools.com/sql/trysqlserver02c2.html]
[www.w3schools.com/sql/func_sqlserver_year.html]
[www.w3schools.com/sql/trysqlserverd42d.html]
[www.w3schools.com/sql/trysqlserverb76e.html]
[www.w3schools.com/sql/trysqlserver63f4.html]
[www.w3schools.com/sql/func_sqlserver_cast.html]
[www.w3schools.com/sql/trysqlserver70bf.html]
[www.w3schools.com/sql/trysqlserver0dd6.html]
[www.w3schools.com/sql/trysqlserverce59.html]
[www.w3schools.com/sql/trysqlserverb488.html]
[www.w3schools.com/sql/func_sqlserver_convert.html]
[www.w3schools.com/sql/trysqlserverbf38.html]
[www.w3schools.com/sql/trysqlserverb45e.html]
[www.w3schools.com/sql/func_sqlserver_coalesce.html]
[www.w3schools.com/sql/trysqlserver7cba.html]
[www.w3schools.com/sql/func_sqlserver_current_user.html]
[www.w3schools.com/sql/trysqlserver0ce3.html]
[www.w3schools.com/sql/trysqlserver5ace.html]
[www.w3schools.com/sql/trysqlserver433e.html]
[www.w3schools.com/sql/func_sqlserver_isdate.html]
[www.w3schools.com/sql/trysqlserverafeb.html]
[www.w3schools.com/sql/trysqlserver2b98.html]
[www.w3schools.com/sql/trysqlserver7835.html]
[www.w3schools.com/sql/trysqlserver5289.html]
[www.w3schools.com/sql/trysqlserver265f.html]
[www.w3schools.com/sql/func_sqlserver_isnumeric.html]
[www.w3schools.com/sql/trysqlserver2b96.html]
[www.w3schools.com/sql/trysqlserver4470.html]
[www.w3schools.com/sql/trysqlserver946f.html]
[www.w3schools.com/sql/trysqlserverc22e.html]
[www.w3schools.com/sql/func_sqlserver_nullif.html]
[www.w3schools.com/sql/func_sqlserver_session_user.html]
[www.w3schools.com/sql/func_sqlserver_sessionproperty.html]
[www.w3schools.com/sql/trysqlserver1586.html]
[www.w3schools.com/sql/trysqlserver3fc6.html]
[www.w3schools.com/sql/func_sqlserver_system_user.html]
[www.w3schools.com/sql/trysqlservera416.html]
[www.w3schools.com/sql/trysqlserver76d1.html]
[www.w3schools.com/sql/func_sqlserver_user_name.html]
[www.w3schools.com/sql/trysqlda28.html]
[www.w3schools.com/sql/func_msaccess_asc.html]
[www.w3schools.com/sql/trysqlb887.html]
[www.w3schools.com/sql/func_msaccess_chr.html]
[www.w3schools.com/sql/trysqlbc6b.html]
[www.w3schools.com/sql/func_msaccess_concat.html]
[www.w3schools.com/sql/func_msaccess_curdir.html]
[www.w3schools.com/sql/trysqld471.html]
[www.w3schools.com/sql/func_msaccess_format.html]
[www.w3schools.com/sql/trysqlb0e0.html]
[www.w3schools.com/sql/func_msaccess_instr.html]
[www.w3schools.com/sql/func_msaccess_instrrev.html]
[www.w3schools.com/sql/trysql6154.html]
[www.w3schools.com/sql/func_msaccess_lcase.html]
[www.w3schools.com/sql/trysql41f8.html]
[www.w3schools.com/sql/trysql0bfb.html]
[www.w3schools.com/sql/func_msaccess_left.html]
[www.w3schools.com/sql/trysql343b.html]
[www.w3schools.com/sql/func_msaccess_len.html]
[www.w3schools.com/sql/trysql3e8d.html]
[www.w3schools.com/sql/trysqlaeb9.html]
[www.w3schools.com/sql/func_msaccess_ltrim.html]
[www.w3schools.com/sql/trysql32f4.html]
[www.w3schools.com/sql/trysql951b.html]
[www.w3schools.com/sql/func_msaccess_mid.html]
[www.w3schools.com/sql/trysql30f9.html]
[www.w3schools.com/sql/func_msaccess_replace.html]
[www.w3schools.com/sql/trysqle251.html]
[www.w3schools.com/sql/trysqlc778.html]
[www.w3schools.com/sql/func_msaccess_right.html]
[www.w3schools.com/sql/trysql5e33.html]
[www.w3schools.com/sql/func_msaccess_rtrim.html]
[www.w3schools.com/sql/trysql56ba.html]
[www.w3schools.com/sql/func_msaccess_space.html]
[www.w3schools.com/sql/func_msaccess_split.html]
[www.w3schools.com/sql/trysqld154.html]
[www.w3schools.com/sql/func_msaccess_str.html]
[www.w3schools.com/sql/trysql5ba7.html]
[www.w3schools.com/sql/trysqlebf8.html]
[www.w3schools.com/sql/trysqle0d1.html]
[www.w3schools.com/sql/func_msaccess_strcomp.html]
[www.w3schools.com/sql/trysql4a76.html]
[www.w3schools.com/sql/trysql89d3.html]
[www.w3schools.com/sql/trysql2ed4.html]
[www.w3schools.com/sql/func_msaccess_strconv.html]
[www.w3schools.com/sql/func_msaccess_strreverse.html]
[www.w3schools.com/sql/trysqld5c6.html]
[www.w3schools.com/sql/func_msaccess_trim.html]
[www.w3schools.com/sql/trysqlc050.html]
[www.w3schools.com/sql/func_msaccess_ucase.html]
[www.w3schools.com/sql/trysql0aa1.html]
[www.w3schools.com/sql/func_msaccess_abs.html]
[www.w3schools.com/sql/trysqld23e.html]
[www.w3schools.com/sql/func_msaccess_atn.html]
[www.w3schools.com/sql/trysql51ca.html]
[www.w3schools.com/sql/trysqld1ea.html]
[www.w3schools.com/sql/func_msaccess_avg.html]
[www.w3schools.com/sql/trysql8c76.html]
[www.w3schools.com/sql/func_msaccess_cos.html]
[www.w3schools.com/sql/trysql90e7.html]
[www.w3schools.com/sql/func_msaccess_count.html]
[www.w3schools.com/sql/trysql172a.html]
[www.w3schools.com/sql/func_msaccess_exp.html]
[www.w3schools.com/sql/trysql16fa.html]
[www.w3schools.com/sql/trysqlcbb5.html]
[www.w3schools.com/sql/func_msaccess_fix.html]
[www.w3schools.com/sql/trysql073d.html]
[www.w3schools.com/sql/trysql0442.html]
[www.w3schools.com/sql/func_msaccess_format_number.html]
[www.w3schools.com/sql/trysql4c59.html]
[www.w3schools.com/sql/trysql6ee8.html]
[www.w3schools.com/sql/func_msaccess_int.html]
[www.w3schools.com/sql/trysql443f.html]
[www.w3schools.com/sql/func_msaccess_max.html]
[www.w3schools.com/sql/trysqla320.html]
[www.w3schools.com/sql/func_msaccess_min.html]
[www.w3schools.com/sql/func_msaccess_randomize.html]
[www.w3schools.com/sql/trysqld791.html]
[www.w3schools.com/sql/func_msaccess_rnd.html]
[www.w3schools.com/sql/trysql14dd.html]
[www.w3schools.com/sql/func_msaccess_round.html]
[www.w3schools.com/sql/trysql42c6.html]
[www.w3schools.com/sql/func_msaccess_sgn.html]
[www.w3schools.com/sql/func_msaccess_sqr.html]
[www.w3schools.com/sql/trysql350d.html]
[www.w3schools.com/sql/trysqlef92.html]
[www.w3schools.com/sql/func_msaccess_sum.html]
[www.w3schools.com/sql/trysql18b4.html]
[www.w3schools.com/sql/func_msaccess_val.html]
[www.w3schools.com/sql/trysqla578.html]
[www.w3schools.com/sql/func_msaccess_date.html]
[www.w3schools.com/sql/trysql84f6.html]
[www.w3schools.com/sql/trysql78dc.html]
[www.w3schools.com/sql/trysql3da6.html]
[www.w3schools.com/sql/func_msaccess_dateadd.html]
[www.w3schools.com/sql/trysql908e.html]
[www.w3schools.com/sql/trysql1bb1.html]
[www.w3schools.com/sql/trysql5c1f.html]
[www.w3schools.com/sql/func_msaccess_datediff.html]
[www.w3schools.com/sql/trysqld829.html]
[www.w3schools.com/sql/trysqle337.html]
[www.w3schools.com/sql/trysql7e7a.html]
[www.w3schools.com/sql/func_msaccess_datepart.html]
[www.w3schools.com/sql/trysql5786.html]
[www.w3schools.com/sql/trysql2f2b.html]
[www.w3schools.com/sql/func_msaccess_dateserial.html]
[www.w3schools.com/sql/trysql6806.html]
[www.w3schools.com/sql/trysql6982.html]
[www.w3schools.com/sql/func_msaccess_datevalue.html]
[www.w3schools.com/sql/trysqlc599.html]
[www.w3schools.com/sql/trysql36c8.html]
[www.w3schools.com/sql/trysql66c8.html]
[www.w3schools.com/sql/func_msaccess_day.html]
[www.w3schools.com/sql/func_msaccess_format_date.html]
[www.w3schools.com/sql/trysqlca5d.html]
[www.w3schools.com/sql/trysql05f6.html]
[www.w3schools.com/sql/trysql8e2f.html]
[www.w3schools.com/sql/trysqladbf.html]
[www.w3schools.com/sql/func_msaccess_hour.html]
[www.w3schools.com/sql/trysqld5b7.html]
[www.w3schools.com/sql/trysql65f8.html]
[www.w3schools.com/sql/trysql4cb9.html]
[www.w3schools.com/sql/func_msaccess_minute.html]
[www.w3schools.com/sql/trysqle126.html]
[www.w3schools.com/sql/trysql8c7d.html]
[www.w3schools.com/sql/trysql1131.html]
[www.w3schools.com/sql/func_msaccess_month.html]
[www.w3schools.com/sql/func_msaccess_monthname.html]
[www.w3schools.com/sql/trysqlebaf.html]
[www.w3schools.com/sql/func_msaccess_now.html]
[www.w3schools.com/sql/trysql68bf.html]
[www.w3schools.com/sql/trysql7305.html]
[www.w3schools.com/sql/trysql902a.html]
[www.w3schools.com/sql/func_msaccess_second.html]
[www.w3schools.com/sql/trysqlf618.html]
[www.w3schools.com/sql/func_msaccess_time.html]
[www.w3schools.com/sql/trysql5b86.html]
[www.w3schools.com/sql/trysql0b5f.html]
[www.w3schools.com/sql/func_msaccess_timeserial.html]
[www.w3schools.com/sql/trysql2198.html]
[www.w3schools.com/sql/trysqlb29a.html]
[www.w3schools.com/sql/func_msaccess_timevalue.html]
[www.w3schools.com/sql/trysql6e89.html]
[www.w3schools.com/sql/trysql2f20.html]
[www.w3schools.com/sql/trysql310e.html]
[www.w3schools.com/sql/func_msaccess_weekday.html]
[www.w3schools.com/sql/func_msaccess_weekdayname.html]
[www.w3schools.com/sql/trysql84f4.html]
[www.w3schools.com/sql/trysql9357.html]
[www.w3schools.com/sql/trysqlb643.html]
[www.w3schools.com/sql/func_msaccess_year.html]
[www.w3schools.com/sql/func_msaccess_currentuser.html]
[www.w3schools.com/sql/func_msaccess_environ.html]
[www.w3schools.com/sql/trysql06dc.html]
[www.w3schools.com/sql/trysql247d.html]
[www.w3schools.com/sql/trysqlba7d.html]
[www.w3schools.com/sql/func_msaccess_isdate.html]
[www.w3schools.com/sql/trysql9263.html]
[www.w3schools.com/sql/trysql1de6.html]
[www.w3schools.com/sql/trysqlea50.html]
[www.w3schools.com/sql/func_msaccess_isnumeric.html]
[www.w3schools.com/sql/trysql5ecc.html]
[www.w3schools.com/sql/trysqlb181.html]
[www.w3schools.com/sql/trysql3947.html]
[www.w3schools.com/sql/trysqlc3fa.html]
[www.w3schools.com/sql/trysqlc0e1.html]
[www.w3schools.com/sql/trysqlf253.html]
[www.w3schools.com/sql/trysql5c63.html]
[www.w3schools.com/sql/trysql015f.html]
[www.w3schools.com/sql/trysqlef1e.html]
[www.w3schools.com/sql/trysql12f8.html]
[www.w3schools.com/sql/trysql262a.html]
[www.w3schools.com/sql/trysql8c94.html]
[www.w3schools.com/sql/trysqldb69.html]
[www.w3schools.com/sql/trysqlc815.html]
[www.w3schools.com/sql/trysql7839.html]
[www.w3schools.com/sql/trysql3fd0.html]
[www.w3schools.com/sql/trysql3a43.html]
[www.w3schools.com/sql/trysql559d.html]
[www.w3schools.com/sql/trysql6665.html]
[www.w3schools.com/sql/trysqlc298.html]
[www.w3schools.com/sql/trysql2d79.html]
[www.w3schools.com/sql/trysqla49d.html]
[www.w3schools.com/w3css/3/w3.css]
[www.w3schools.com/lib/codemirror.css]
[www.w3schools.com/lib/codemirror.js]
[www.w3schools.com/lib/codemirror_sql.js]
[www.w3schools.com/w3Database.js]
[www.w3schools.com/sql/POST.html]
[www.w3schools.com/sql/trymysqlf605.html]
[www.w3schools.com/sql/trymysql11cf.html]
[www.w3schools.com/sql/trymysql5935.html]
[www.w3schools.com/sql/trymysqlad30.html]
[www.w3schools.com/sql/trymysql1c19.html]
[www.w3schools.com/sql/trysqlserver771e.html]
[www.w3schools.com/sql/trysqlserver406a.html]
[www.w3schools.com/sql/trysqlserver9985.html]
[www.w3schools.com/sql/trysql40ec.html]
[www.w3schools.com/sql/trysql52bb.html]
[www.w3schools.com/sql/trysql9b1d.html]
[www.w3schools.com/sql/trymysql787b.html]
[www.w3schools.com/sql/trymysqlb149.html]
[www.w3schools.com/sql/trymysql52e7.html]
[www.w3schools.com/sql/trymysql0116.html]
[www.w3schools.com/sql/trymysql31d5.html]
[www.w3schools.com/sql/trymysql4c6d.html]
[www.w3schools.com/sql/trymysql1b24.html]
[www.w3schools.com/sql/trymysql6c0e.html]
[www.w3schools.com/sql/trymysql9a3b.html]
[www.w3schools.com/sql/trymysql3f87.html]
[www.w3schools.com/sql/trymysql335b.html]
[www.w3schools.com/sql/trymysql23f2.html]
[www.w3schools.com/sql/trymysqld7bf.html]
[www.w3schools.com/sql/trymysqlc281.html]
[www.w3schools.com/sql/trymysql7ecd.html]
[www.w3schools.com/sql/trymysqlc724.html]
[www.w3schools.com/sql/trymysql952e.html]
[www.w3schools.com/sql/trymysql0218.html]
[www.w3schools.com/sql/trymysql601e.html]
[www.w3schools.com/sql/trymysql7cb5.html]
[www.w3schools.com/sql/trymysql58d2.html]
[www.w3schools.com/sql/trymysqlb6e8.html]
[www.w3schools.com/sql/trymysql45e7.html]
[www.w3schools.com/sql/trymysql58cf.html]
[www.w3schools.com/sql/trymysql25f8.html]
[www.w3schools.com/sql/trymysqld4c2.html]
[www.w3schools.com/sql/trymysql52ac.html]
[www.w3schools.com/sql/trymysqlac40.html]
[www.w3schools.com/sql/trymysqlf7c2.html]
[www.w3schools.com/sql/trymysqlf73d.html]
[www.w3schools.com/sql/trymysql1d1d.html]
[www.w3schools.com/sql/trymysql42ce.html]
[www.w3schools.com/sql/trymysql6545.html]
[www.w3schools.com/sql/trymysql0373.html]
[www.w3schools.com/sql/trymysql38e4.html]
[www.w3schools.com/sql/trymysql34d5.html]
[www.w3schools.com/sql/trymysqle60f.html]
[www.w3schools.com/sql/trymysqlc334.html]
[www.w3schools.com/sql/trymysql5063.html]
[www.w3schools.com/sql/trymysql292d.html]
[www.w3schools.com/sql/trymysql85ff.html]
[www.w3schools.com/sql/trymysql680f.html]
[www.w3schools.com/sql/trymysqle8c4.html]
[www.w3schools.com/sql/trymysql6f48.html]
[www.w3schools.com/sql/trymysql2b83.html]
[www.w3schools.com/sql/trymysql86b0.html]
[www.w3schools.com/sql/trymysql7c19.html]
[www.w3schools.com/sql/trymysql0baa.html]
[www.w3schools.com/sql/trymysql66f0.html]
[www.w3schools.com/sql/trymysqle952.html]
[www.w3schools.com/sql/trymysql2fe9.html]
[www.w3schools.com/sql/trymysql3ec3.html]
[www.w3schools.com/sql/trymysqld036.html]
[www.w3schools.com/sql/trymysqla388.html]
[www.w3schools.com/sql/trymysql8c3e.html]
[www.w3schools.com/sql/trymysql89ad.html]
[www.w3schools.com/sql/trymysqle1ad.html]
[www.w3schools.com/sql/trymysqlb6f6.html]
[www.w3schools.com/sql/trymysql9009.html]
[www.w3schools.com/sql/trymysql7d8a.html]
[www.w3schools.com/sql/trymysql87f0.html]
[www.w3schools.com/sql/trymysql171e.html]
[www.w3schools.com/sql/trymysql472a.html]
[www.w3schools.com/sql/trymysqlb1ef.html]
[www.w3schools.com/sql/trymysqlcf7f.html]
[www.w3schools.com/sql/trymysql2675.html]
[www.w3schools.com/sql/trymysqle5bf.html]
[www.w3schools.com/sql/trymysqlb92e.html]
[www.w3schools.com/sql/trymysqlf10a.html]
[www.w3schools.com/sql/trymysql1395.html]
[www.w3schools.com/sql/trymysqlac27.html]
[www.w3schools.com/sql/trymysqla48b.html]
[www.w3schools.com/sql/trymysqlfd8b.html]
[www.w3schools.com/sql/trymysqlb218.html]
[www.w3schools.com/sql/trymysqlc17e.html]
[www.w3schools.com/sql/trymysqlaf15.html]
[www.w3schools.com/sql/trymysqlfd15.html]
[www.w3schools.com/sql/trymysql0255.html]
[www.w3schools.com/sql/trymysql7827.html]
[www.w3schools.com/sql/trymysql8ac2.html]
[www.w3schools.com/sql/trymysql86c3.html]
[www.w3schools.com/sql/trymysqlfd87.html]
[www.w3schools.com/sql/trymysqlcaf2.html]
[www.w3schools.com/sql/trymysql5891.html]
[www.w3schools.com/sql/trymysql083f.html]
[www.w3schools.com/sql/trymysql2441.html]
[www.w3schools.com/sql/trymysqla533.html]
[www.w3schools.com/sql/trymysqlf697.html]
[www.w3schools.com/sql/trymysql1638.html]
[www.w3schools.com/sql/trymysqledd3.html]
[www.w3schools.com/sql/trymysqla9aa.html]
[www.w3schools.com/sql/trymysqlf27a.html]
[www.w3schools.com/sql/trymysql9aba.html]
[www.w3schools.com/sql/trymysql502e.html]
[www.w3schools.com/sql/trymysql125d.html]
[www.w3schools.com/sql/trymysql9ac8.html]
[www.w3schools.com/sql/trymysql41c2.html]
[www.w3schools.com/sql/trymysql9784.html]
[www.w3schools.com/sql/trymysql6935.html]
[www.w3schools.com/sql/trymysqlf989.html]
[www.w3schools.com/sql/trymysql0dc0.html]
[www.w3schools.com/sql/trymysql6c85.html]
[www.w3schools.com/sql/trymysqle582.html]
[www.w3schools.com/sql/trymysql20a9.html]
[www.w3schools.com/sql/trymysqlbafa.html]
[www.w3schools.com/sql/trymysqlac93.html]
[www.w3schools.com/sql/trymysql062b.html]
[www.w3schools.com/sql/trymysqla5ce.html]
[www.w3schools.com/sql/trymysql2161.html]
[www.w3schools.com/sql/trymysql392b.html]
[www.w3schools.com/sql/trymysqldd63.html]
[www.w3schools.com/sql/trymysql2129.html]
[www.w3schools.com/sql/trymysqlde05.html]
[www.w3schools.com/sql/trymysql6ddf.html]
[www.w3schools.com/sql/trymysqlfebd.html]
[www.w3schools.com/sql/trymysql07e5.html]
[www.w3schools.com/sql/trymysql3f60.html]
[www.w3schools.com/sql/trymysqle98e.html]
[www.w3schools.com/sql/trymysql6477.html]
[www.w3schools.com/sql/trymysql6b44.html]
[www.w3schools.com/sql/trymysql7935.html]
[www.w3schools.com/sql/trymysql40cf.html]
[www.w3schools.com/sql/trymysql1927.html]
[www.w3schools.com/sql/trymysql8245.html]
[www.w3schools.com/sql/trymysql7614.html]
[www.w3schools.com/sql/trymysqlae44.html]
[www.w3schools.com/sql/trymysql181b.html]
[www.w3schools.com/sql/trymysql9de6.html]
[www.w3schools.com/sql/trymysql4d40.html]
[www.w3schools.com/sql/trymysqlba1c.html]
[www.w3schools.com/sql/trysql2b58.html]
[www.w3schools.com/sql/trymysql3c62.html]
[www.w3schools.com/sql/trymysql79b9.html]
[www.w3schools.com/sql/trymysql7397.html]
[www.w3schools.com/sql/trymysql2eba.html]
[www.w3schools.com/sql/trymysql561f.html]
[www.w3schools.com/sql/trymysqlbd74.html]
[www.w3schools.com/sql/trymysql2f7f.html]
[www.w3schools.com/sql/trymysqlc0ed.html]
[www.w3schools.com/sql/trymysql26d0.html]
[www.w3schools.com/sql/trymysql7f69.html]
[www.w3schools.com/sql/trymysqlaeba.html]
[www.w3schools.com/sql/trymysqlb006.html]
[www.w3schools.com/sql/trymysql4a7a.html]
[www.w3schools.com/sql/trymysql0002.html]
[www.w3schools.com/sql/trymysqldd60.html]
[www.w3schools.com/sql/trymysqlf2c6.html]
[www.w3schools.com/sql/trymysqla512.html]
[www.w3schools.com/sql/trymysqlf942.html]
[www.w3schools.com/sql/trymysql75ad.html]
[www.w3schools.com/sql/trymysql5b05.html]
[www.w3schools.com/sql/trymysql6888.html]
[www.w3schools.com/sql/trymysqlca5e.html]
[www.w3schools.com/sql/trymysqlac48.html]
[www.w3schools.com/sql/trymysql494f.html]
[www.w3schools.com/sql/trymysql330e.html]
[www.w3schools.com/sql/trymysqlbf4a.html]
[www.w3schools.com/sql/trymysql8b6f.html]
[www.w3schools.com/sql/trymysqlf503.html]
[www.w3schools.com/sql/trymysql87ae.html]
[www.w3schools.com/sql/trymysql82c8.html]
[www.w3schools.com/sql/trymysql61b3.html]
[www.w3schools.com/sql/trymysqldde7.html]
[www.w3schools.com/sql/trymysql4d28.html]
[www.w3schools.com/sql/trymysqlba56.html]
[www.w3schools.com/sql/trymysqlcce6.html]
[www.w3schools.com/sql/trymysql0522.html]
[www.w3schools.com/sql/trymysqlb55a.html]
[www.w3schools.com/sql/trymysql8856.html]
[www.w3schools.com/sql/trymysql0cf5.html]
[www.w3schools.com/sql/trymysqle049.html]
[www.w3schools.com/sql/trymysqlbcd4.html]
[www.w3schools.com/sql/trymysqle3cd.html]
[www.w3schools.com/sql/trymysqla921.html]
[www.w3schools.com/sql/trymysql756a.html]
[www.w3schools.com/sql/trymysqlb522.html]
[www.w3schools.com/sql/trymysqlba1d.html]
[www.w3schools.com/sql/trymysql7306.html]
[www.w3schools.com/sql/trymysql7b38.html]
[www.w3schools.com/sql/trymysql45c5.html]
[www.w3schools.com/sql/trymysql258e.html]
[www.w3schools.com/sql/trymysqldcdb.html]
[www.w3schools.com/sql/trymysqlcb56.html]
[www.w3schools.com/sql/trymysql23a9.html]
[www.w3schools.com/sql/trymysqlc48c.html]
[www.w3schools.com/sql/trymysqla988.html]
[www.w3schools.com/sql/trymysqlb2a3.html]
[www.w3schools.com/sql/trymysqlece3.html]
[www.w3schools.com/sql/trymysql71a3.html]
[www.w3schools.com/sql/trymysql901f.html]
[www.w3schools.com/sql/trymysql792d.html]
[www.w3schools.com/sql/trymysqlf684.html]
[www.w3schools.com/sql/trymysqle3c8.html]
[www.w3schools.com/sql/trymysqlcbc5.html]
[www.w3schools.com/sql/trymysqla245.html]
[www.w3schools.com/sql/trymysql5d94.html]
[www.w3schools.com/sql/trymysql8a6b.html]
[www.w3schools.com/sql/trymysqld31d.html]
[www.w3schools.com/sql/trymysql81c5.html]
[www.w3schools.com/sql/trymysqle5fb.html]
[www.w3schools.com/sql/trymysqlcc0b.html]
[www.w3schools.com/sql/trymysql0ccf.html]
[www.w3schools.com/sql/trymysqla7aa.html]
[www.w3schools.com/sql/trymysql5baf.html]
[www.w3schools.com/sql/trymysql554d.html]
[www.w3schools.com/sql/trymysql03d9.html]
[www.w3schools.com/sql/trymysql3c19.html]
[www.w3schools.com/sql/trymysqld727.html]
[www.w3schools.com/sql/trymysqlf61f.html]
[www.w3schools.com/sql/trymysqlaadc.html]
[www.w3schools.com/sql/trymysql0461.html]
[www.w3schools.com/sql/trymysql5df1.html]
[www.w3schools.com/sql/trymysql7af0.html]
[www.w3schools.com/sql/trymysql0907.html]
[www.w3schools.com/sql/trymysqla93e.html]
[www.w3schools.com/sql/trymysql74ee.html]
[www.w3schools.com/sql/trymysqla4dc.html]
[www.w3schools.com/sql/trymysqle20c.html]
[www.w3schools.com/sql/trymysql3ea4.html]
[www.w3schools.com/sql/trymysql9dd2.html]
[www.w3schools.com/sql/trymysql0ac2.html]
[www.w3schools.com/sql/trymysql7c34.html]
[www.w3schools.com/sql/trymysql8a6c.html]
[www.w3schools.com/sql/trymysql1085.html]
[www.w3schools.com/sql/trymysql4c2d.html]
[www.w3schools.com/sql/trymysql7bcd.html]
[www.w3schools.com/sql/trymysql23ee.html]
[www.w3schools.com/sql/trymysql0b15.html]
[www.w3schools.com/sql/trymysql812b.html]
[www.w3schools.com/sql/trymysql9c24.html]
[www.w3schools.com/sql/trymysql8451.html]
[www.w3schools.com/sql/trymysql7a02.html]
[www.w3schools.com/sql/trymysql28a0.html]
[www.w3schools.com/sql/trymysql2b63.html]
[www.w3schools.com/sql/trymysql107d.html]
[www.w3schools.com/sql/trymysql8a5b.html]
[www.w3schools.com/sql/trymysqlae6d.html]
[www.w3schools.com/sql/trymysql96a0.html]
[www.w3schools.com/sql/trymysqle237.html]
[www.w3schools.com/sql/trymysqlccf0.html]
[www.w3schools.com/sql/trymysqlf001.html]
[www.w3schools.com/sql/trymysql56c6.html]
[www.w3schools.com/sql/trymysql15f8.html]
[www.w3schools.com/sql/trymysql9d55.html]
[www.w3schools.com/sql/trymysql2dd8.html]
[www.w3schools.com/sql/trymysqlbfed.html]
[www.w3schools.com/sql/trymysqle8a6.html]
[www.w3schools.com/sql/trymysql745b.html]
[www.w3schools.com/sql/trymysql6126.html]
[www.w3schools.com/sql/trymysqld8a6.html]
[www.w3schools.com/sql/trymysqle9fe.html]
[www.w3schools.com/sql/trymysql3d40.html]
[www.w3schools.com/sql/trymysql8c92.html]
[www.w3schools.com/sql/trymysqlc50f.html]
[www.w3schools.com/sql/trymysql0246.html]
[www.w3schools.com/sql/trymysql3b42.html]
[www.w3schools.com/sql/trymysql8092.html]
[www.w3schools.com/sql/trymysqlb5bd.html]
[www.w3schools.com/sql/trymysql1514.html]
[www.w3schools.com/sql/trymysql5b4f.html]
[www.w3schools.com/sql/trymysql8e96.html]
[www.w3schools.com/sql/trymysql0bc2.html]
[www.w3schools.com/sql/trymysql4e19.html]
[www.w3schools.com/sql/trymysql3b49.html]
[www.w3schools.com/sql/trymysql557c.html]
[www.w3schools.com/sql/trymysqla575.html]
[www.w3schools.com/sql/trymysql831b.html]
[www.w3schools.com/sql/trymysqla874.html]
[www.w3schools.com/sql/trymysql84b6.html]
[www.w3schools.com/sql/trymysql40f8.html]
[www.w3schools.com/sql/trymysql1a9d.html]
[www.w3schools.com/sql/trymysql5449.html]
[www.w3schools.com/sql/trymysql4fa9.html]
[www.w3schools.com/sql/trymysql1f67.html]
[www.w3schools.com/sql/trymysqld6d1.html]
[www.w3schools.com/sql/trymysql5dd5.html]
[www.w3schools.com/sql/trymysql8d36.html]
[www.w3schools.com/sql/trymysql2ce3.html]
[www.w3schools.com/sql/trymysql1d76.html]
[www.w3schools.com/sql/trymysqlf265.html]
[www.w3schools.com/sql/trymysql3709.html]
[www.w3schools.com/sql/trymysqlec65.html]
[www.w3schools.com/sql/trymysql2647.html]
[www.w3schools.com/sql/trymysql3a29.html]
[www.w3schools.com/sql/trymysql9886.html]
[www.w3schools.com/sql/trymysql4780.html]
[www.w3schools.com/sql/trymysql50f9.html]
[www.w3schools.com/sql/trymysqlee97.html]
[www.w3schools.com/sql/trymysqlca87.html]
[www.w3schools.com/sql/trymysql13c6.html]
[www.w3schools.com/sql/trymysql3887.html]
[www.w3schools.com/sql/trymysqla596.html]
[www.w3schools.com/sql/trymysql9118.html]
[www.w3schools.com/sql/trymysql17da.html]
[www.w3schools.com/sql/trymysql6919.html]
[www.w3schools.com/sql/trymysqld94b.html]
[www.w3schools.com/sql/trymysql70f2.html]
[www.w3schools.com/sql/trymysqlcc6c.html]
[www.w3schools.com/sql/trymysqldd6d.html]
[www.w3schools.com/sql/trymysql8de5.html]
[www.w3schools.com/sql/trymysqlbf47.html]
[www.w3schools.com/sql/trymysql9c58.html]
[www.w3schools.com/sql/trymysqlcda9.html]
[www.w3schools.com/sql/trymysql425d.html]
[www.w3schools.com/sql/trymysqle39a.html]
[www.w3schools.com/sql/trymysqlc06c.html]
[www.w3schools.com/sql/trymysql22b4.html]
[www.w3schools.com/sql/trymysql773c.html]
[www.w3schools.com/sql/trymysql113c.html]
[www.w3schools.com/sql/trymysqle212.html]
[www.w3schools.com/sql/trymysqlcca0.html]
[www.w3schools.com/sql/trymysqlc9f4.html]
[www.w3schools.com/sql/trymysql297e.html]
[www.w3schools.com/sql/trymysql461f.html]
[www.w3schools.com/sql/trymysqle4c0.html]
[www.w3schools.com/sql/trymysql47c6.html]
[www.w3schools.com/sql/trymysql956c.html]
[www.w3schools.com/sql/trymysql8699.html]
[www.w3schools.com/sql/trymysql433e.html]
[www.w3schools.com/sql/trymysqlf74c.html]
[www.w3schools.com/sql/trymysqld238.html]
[www.w3schools.com/sql/trymysqla768.html]
[www.w3schools.com/sql/trymysql0b75.html]
[www.w3schools.com/sql/trymysql5001.html]
[www.w3schools.com/sql/trymysqlb4db.html]
[www.w3schools.com/sql/trymysql0289.html]
[www.w3schools.com/sql/trymysql6af6.html]
[www.w3schools.com/sql/trymysql7952.html]
[www.w3schools.com/sql/trysqlservere0a2.html]
[www.w3schools.com/sql/trysqlserver3d7b.html]
[www.w3schools.com/sql/trysqlserver8ad5.html]
[www.w3schools.com/sql/trysqlserverd980.html]
[www.w3schools.com/sql/trysqlserverece6.html]
[www.w3schools.com/sql/trysqlserver8f57.html]
[www.w3schools.com/sql/trysqlserveraa01.html]
[www.w3schools.com/sql/trysqlserver3982.html]
[www.w3schools.com/sql/trysqlserverd6ee.html]
[www.w3schools.com/sql/trysqlserver08f5.html]
[www.w3schools.com/sql/trysqlserver1da9.html]
[www.w3schools.com/sql/trysqlserver1ce7.html]
[www.w3schools.com/sql/trysqlserver0ff9.html]
[www.w3schools.com/sql/trysqlserver5d63.html]
[www.w3schools.com/sql/trysqlserverd2bc.html]
[www.w3schools.com/sql/trysqlservere7ab.html]
[www.w3schools.com/sql/trysqlserver15f4.html]
[www.w3schools.com/sql/trysqlserver99df.html]
[www.w3schools.com/sql/trysqlserverfd91.html]
[www.w3schools.com/sql/trysqlserverf631.html]
[www.w3schools.com/sql/trysqlserverbb22.html]
[www.w3schools.com/sql/trysqlserver156c.html]
[www.w3schools.com/sql/trysqlserver615b.html]
[www.w3schools.com/sql/trysqlserverfd77.html]
[www.w3schools.com/sql/trysqlserver4cf3.html]
[www.w3schools.com/sql/trysqlserverbe7d.html]
[www.w3schools.com/sql/trysqlserver5b2d.html]
[www.w3schools.com/sql/trysqlservereadb.html]
[www.w3schools.com/sql/trysqlservercf29.html]
[www.w3schools.com/sql/trysqlservera282.html]
[www.w3schools.com/sql/trysqlserver5896.html]
[www.w3schools.com/sql/trysqlserverea70.html]
[www.w3schools.com/sql/trysqlserver3bc7.html]
[www.w3schools.com/sql/trysqlserverfee4.html]
[www.w3schools.com/sql/trysqlserver981a.html]
[www.w3schools.com/sql/trysqlserver5d9d.html]
[www.w3schools.com/sql/trysqlserver01ef.html]
[www.w3schools.com/sql/trysqlserverabfa.html]
[www.w3schools.com/sql/trysqlserver756e.html]
[www.w3schools.com/sql/trysqlserver97ab.html]
[www.w3schools.com/sql/trysqlserverfac3.html]
[www.w3schools.com/sql/trysqlserver0fb5.html]
[www.w3schools.com/sql/trysqlserver7bdf.html]
[www.w3schools.com/sql/trysqlserver0575.html]
[www.w3schools.com/sql/trysqlserver0240.html]
[www.w3schools.com/sql/trysqlservercc5c.html]
[www.w3schools.com/sql/trysqlserver6add.html]
[www.w3schools.com/sql/trysqlserver36ea.html]
[www.w3schools.com/sql/trysqlserver1be2.html]
[www.w3schools.com/sql/trysqlserverb917.html]
[www.w3schools.com/sql/trysqlserverfdc1.html]
[www.w3schools.com/sql/trysqlserver8236.html]
[www.w3schools.com/sql/trysqlserver7670.html]
[www.w3schools.com/sql/trysqlserver15e1.html]
[www.w3schools.com/sql/trysqlserverdcaa.html]
[www.w3schools.com/sql/trysqlserver377f.html]
[www.w3schools.com/sql/trysqlserver1bc4.html]
[www.w3schools.com/sql/trysqlserver87cb.html]
[www.w3schools.com/sql/trysqlserver16ae.html]
[www.w3schools.com/sql/trysqlservercdda.html]
[www.w3schools.com/sql/trysqlserver36eb.html]
[www.w3schools.com/sql/trysqlserver2138.html]
[www.w3schools.com/sql/trysqlserver950b.html]
[www.w3schools.com/sql/trysqlservere0dd.html]
[www.w3schools.com/sql/trysqlserver2607.html]
[www.w3schools.com/sql/trysqlserver788b.html]
[www.w3schools.com/sql/trysqlserver68f7.html]
[www.w3schools.com/sql/trysqlserver6b05.html]
[www.w3schools.com/sql/trysqlserver4b21.html]
[www.w3schools.com/sql/trysqlserver4f88.html]
[www.w3schools.com/sql/trysqlservera5e1.html]
[www.w3schools.com/sql/trysqlserverbb11.html]
[www.w3schools.com/sql/trysqlserver3578.html]
[www.w3schools.com/sql/trysqlserverbeb1.html]
[www.w3schools.com/sql/trysqlserverd18e.html]
[www.w3schools.com/sql/trysqlserver62e6.html]
[www.w3schools.com/sql/trysqlserverec16.html]
[www.w3schools.com/sql/trysqlserver6670.html]
[www.w3schools.com/sql/trysqlservera644.html]
[www.w3schools.com/sql/trysqlserver205b.html]
[www.w3schools.com/sql/trysqlserver9787.html]
[www.w3schools.com/sql/trysqlserverae98.html]
[www.w3schools.com/sql/trysqlserverb5eb.html]
[www.w3schools.com/sql/trysqlserver6c00.html]
[www.w3schools.com/sql/trysqlserver64e9.html]
[www.w3schools.com/sql/trysqlserver133b.html]
[www.w3schools.com/sql/trysqlserverd74d.html]
[www.w3schools.com/sql/trysqlserverc5cb.html]
[www.w3schools.com/sql/trysqlserver10e5.html]
[www.w3schools.com/sql/trysqlservera944.html]
[www.w3schools.com/sql/trysqlserver6be5.html]
[www.w3schools.com/sql/trysqlserver011a.html]
[www.w3schools.com/sql/trysqlservere182.html]
[www.w3schools.com/sql/trysqlserver02c2.html]
[www.w3schools.com/sql/trysqlserverd42d.html]
[www.w3schools.com/sql/trysqlserverb76e.html]
[www.w3schools.com/sql/trysqlserver63f4.html]
[www.w3schools.com/sql/trysqlserver70bf.html]
[www.w3schools.com/sql/trysqlserver0dd6.html]
[www.w3schools.com/sql/trysqlserverce59.html]
[www.w3schools.com/sql/trysqlserverb488.html]
[www.w3schools.com/sql/trysqlserverbf38.html]
[www.w3schools.com/sql/trysqlserverb45e.html]
[www.w3schools.com/sql/trysqlserver7cba.html]
[www.w3schools.com/sql/trysqlserver0ce3.html]
[www.w3schools.com/sql/trysqlserver5ace.html]
[www.w3schools.com/sql/trysqlserver433e.html]
[www.w3schools.com/sql/trysqlserverafeb.html]
[www.w3schools.com/sql/trysqlserver2b98.html]
[www.w3schools.com/sql/trysqlserver7835.html]
[www.w3schools.com/sql/trysqlserver5289.html]
[www.w3schools.com/sql/trysqlserver265f.html]
[www.w3schools.com/sql/trysqlserver2b96.html]
[www.w3schools.com/sql/trysqlserver4470.html]
[www.w3schools.com/sql/trysqlserver946f.html]
[www.w3schools.com/sql/trysqlserverc22e.html]
[www.w3schools.com/sql/trysqlserver1586.html]
[www.w3schools.com/sql/trysqlserver3fc6.html]
[www.w3schools.com/sql/trysqlservera416.html]
[www.w3schools.com/sql/trysqlserver76d1.html]
[www.w3schools.com/sql/trysqlda28.html]
[www.w3schools.com/sql/trysqlb887.html]
[www.w3schools.com/sql/trysqlbc6b.html]
[www.w3schools.com/sql/trysqld471.html]
[www.w3schools.com/sql/trysqlb0e0.html]
[www.w3schools.com/sql/trysql6154.html]
[www.w3schools.com/sql/trysql41f8.html]
[www.w3schools.com/sql/trysql0bfb.html]
[www.w3schools.com/sql/trysql343b.html]
[www.w3schools.com/sql/trysql3e8d.html]
[www.w3schools.com/sql/trysqlaeb9.html]
[www.w3schools.com/sql/trysql32f4.html]
[www.w3schools.com/sql/trysql951b.html]
[www.w3schools.com/sql/trysql30f9.html]
[www.w3schools.com/sql/trysqle251.html]
[www.w3schools.com/sql/trysqlc778.html]
[www.w3schools.com/sql/trysql5e33.html]
[www.w3schools.com/sql/trysql56ba.html]
[www.w3schools.com/sql/trysqld154.html]
[www.w3schools.com/sql/trysql5ba7.html]
[www.w3schools.com/sql/trysqlebf8.html]
[www.w3schools.com/sql/trysqle0d1.html]
[www.w3schools.com/sql/trysql4a76.html]
[www.w3schools.com/sql/trysql89d3.html]
[www.w3schools.com/sql/trysql2ed4.html]
[www.w3schools.com/sql/trysqld5c6.html]
[www.w3schools.com/sql/trysqlc050.html]
[www.w3schools.com/sql/trysql0aa1.html]
[www.w3schools.com/sql/trysqld23e.html]
[www.w3schools.com/sql/trysql51ca.html]
[www.w3schools.com/sql/trysqld1ea.html]
[www.w3schools.com/sql/trysql8c76.html]
[www.w3schools.com/sql/trysql90e7.html]
[www.w3schools.com/sql/trysql172a.html]
[www.w3schools.com/sql/trysql16fa.html]
[www.w3schools.com/sql/trysqlcbb5.html]
[www.w3schools.com/sql/trysql073d.html]
[www.w3schools.com/sql/trysql0442.html]
[www.w3schools.com/sql/trysql4c59.html]
[www.w3schools.com/sql/trysql6ee8.html]
[www.w3schools.com/sql/trysql443f.html]
[www.w3schools.com/sql/trysqla320.html]
[www.w3schools.com/sql/trysqld791.html]
[www.w3schools.com/sql/trysql14dd.html]
[www.w3schools.com/sql/trysql42c6.html]
[www.w3schools.com/sql/trysql350d.html]
[www.w3schools.com/sql/trysqlef92.html]
[www.w3schools.com/sql/trysql18b4.html]
[www.w3schools.com/sql/trysqla578.html]
[www.w3schools.com/sql/trysql84f6.html]
[www.w3schools.com/sql/trysql78dc.html]
[www.w3schools.com/sql/trysql3da6.html]
[www.w3schools.com/sql/trysql908e.html]
[www.w3schools.com/sql/trysql1bb1.html]
[www.w3schools.com/sql/trysql5c1f.html]
[www.w3schools.com/sql/trysqld829.html]
[www.w3schools.com/sql/trysqle337.html]
[www.w3schools.com/sql/trysql7e7a.html]
[www.w3schools.com/sql/trysql5786.html]
[www.w3schools.com/sql/trysql2f2b.html]
[www.w3schools.com/sql/trysql6806.html]
[www.w3schools.com/sql/trysql6982.html]
[www.w3schools.com/sql/trysqlc599.html]
[www.w3schools.com/sql/trysql36c8.html]
[www.w3schools.com/sql/trysql66c8.html]
[www.w3schools.com/sql/trysqlca5d.html]
[www.w3schools.com/sql/trysql05f6.html]
[www.w3schools.com/sql/trysql8e2f.html]
[www.w3schools.com/sql/trysqladbf.html]
[www.w3schools.com/sql/trysqld5b7.html]
[www.w3schools.com/sql/trysql65f8.html]
[www.w3schools.com/sql/trysql4cb9.html]
[www.w3schools.com/sql/trysqle126.html]
[www.w3schools.com/sql/trysql8c7d.html]
[www.w3schools.com/sql/trysql1131.html]
[www.w3schools.com/sql/trysqlebaf.html]
[www.w3schools.com/sql/trysql68bf.html]
[www.w3schools.com/sql/trysql7305.html]
[www.w3schools.com/sql/trysql902a.html]
[www.w3schools.com/sql/trysqlf618.html]
[www.w3schools.com/sql/trysql5b86.html]
[www.w3schools.com/sql/trysql0b5f.html]
[www.w3schools.com/sql/trysql2198.html]
[www.w3schools.com/sql/trysqlb29a.html]
[www.w3schools.com/sql/trysql6e89.html]
[www.w3schools.com/sql/trysql2f20.html]
[www.w3schools.com/sql/trysql310e.html]
[www.w3schools.com/sql/trysql84f4.html]
[www.w3schools.com/sql/trysql9357.html]
[www.w3schools.com/sql/trysqlb643.html]
[www.w3schools.com/sql/trysql06dc.html]
[www.w3schools.com/sql/trysql247d.html]
[www.w3schools.com/sql/trysqlba7d.html]
[www.w3schools.com/sql/trysql9263.html]
[www.w3schools.com/sql/trysql1de6.html]
[www.w3schools.com/sql/trysqlea50.html]
[www.w3schools.com/sql/trysql3947.html]
